Component: Arm Compiler for Embedded 6.18 Tool: armlink [5e4cc100]

==============================================================================

Section Cross References

    main.o(.text.Timer1Init) refers to mdr32f9qx_rst_clk.o(.text.RST_CLK_PCLKcmd) for RST_CLK_PCLKcmd
    main.o(.text.Timer1Init) refers to mdr32f9qx_timer.o(.text.TIMER_CntStructInit) for TIMER_CntStructInit
    main.o(.text.Timer1Init) refers to mdr32f9qx_timer.o(.text.TIMER_BRGInit) for TIMER_BRGInit
    main.o(.text.Timer1Init) refers to mdr32f9qx_timer.o(.text.TIMER_CntInit) for TIMER_CntInit
    main.o(.text.Timer1Init) refers to mdr32f9qx_timer.o(.text.TIMER_ChnStructInit) for TIMER_ChnStructInit
    main.o(.text.Timer1Init) refers to mdr32f9qx_timer.o(.text.TIMER_ChnInit) for TIMER_ChnInit
    main.o(.text.Timer1Init) refers to mdr32f9qx_timer.o(.text.TIMER_SetChnCompare) for TIMER_SetChnCompare
    main.o(.text.Timer1Init) refers to mdr32f9qx_timer.o(.text.TIMER_ChnOutStructInit) for TIMER_ChnOutStructInit
    main.o(.text.Timer1Init) refers to mdr32f9qx_timer.o(.text.TIMER_ChnOutInit) for TIMER_ChnOutInit
    main.o(.text.Timer1Init) refers to main.o(.text.__NVIC_EnableIRQ) for __NVIC_EnableIRQ
    main.o(.text.Timer1Init) refers to main.o(.text.__NVIC_SetPriority) for __NVIC_SetPriority
    main.o(.text.Timer1Init) refers to mdr32f9qx_timer.o(.text.TIMER_ITConfig) for TIMER_ITConfig
    main.o(.text.Timer1Init) refers to mdr32f9qx_timer.o(.text.TIMER_Cmd) for TIMER_Cmd
    main.o(.ARM.exidx.text.Timer1Init) refers to main.o(.text.Timer1Init) for [Anonymous Symbol]
    main.o(.ARM.exidx.text.__NVIC_EnableIRQ) refers to main.o(.text.__NVIC_EnableIRQ) for [Anonymous Symbol]
    main.o(.ARM.exidx.text.__NVIC_SetPriority) refers to main.o(.text.__NVIC_SetPriority) for [Anonymous Symbol]
    main.o(.text.init_PortA) refers to mdr32f9qx_rst_clk.o(.text.RST_CLK_PCLKcmd) for RST_CLK_PCLKcmd
    main.o(.text.init_PortA) refers to mdr32f9qx_port.o(.text.PORT_Init) for PORT_Init
    main.o(.ARM.exidx.text.init_PortA) refers to main.o(.text.init_PortA) for [Anonymous Symbol]
    main.o(.text.Timer1_IRQHandler) refers to mdr32f9qx_timer.o(.text.TIMER_GetITStatus) for TIMER_GetITStatus
    main.o(.text.Timer1_IRQHandler) refers to main.o(.text.readData) for readData
    main.o(.text.Timer1_IRQHandler) refers to mdr32f9qx_timer.o(.text.TIMER_ClearFlag) for TIMER_ClearFlag
    main.o(.ARM.exidx.text.Timer1_IRQHandler) refers to main.o(.text.Timer1_IRQHandler) for [Anonymous Symbol]
    main.o(.text.readData) refers to main.o(.text.init_I2C) for init_I2C
    main.o(.text.readData) refers to mpu9250.o(.text.MPU9250_readAllGyroData) for MPU9250_readAllGyroData
    main.o(.text.readData) refers to mpu9250.o(.text.MPU9250_readAllAccelData) for MPU9250_readAllAccelData
    main.o(.text.readData) refers to mpu9250.o(.text.convertTo16Bit) for convertTo16Bit
    main.o(.text.readData) refers to main.o(.bss.accelX) for accelX
    main.o(.text.readData) refers to main.o(.bss.accelY) for accelY
    main.o(.text.readData) refers to main.o(.bss.accelZ) for accelZ
    main.o(.text.readData) refers to main.o(.bss.gyroX) for gyroX
    main.o(.text.readData) refers to main.o(.bss.gyroY) for gyroY
    main.o(.text.readData) refers to main.o(.bss.gyroZ) for gyroZ
    main.o(.text.readData) refers to fflt_clz.o(x$fpl$fflt) for __aeabi_i2f
    main.o(.text.readData) refers to main.o(.data.RAD_TO_DEG) for RAD_TO_DEG
    main.o(.text.readData) refers to fmul.o(x$fpl$fmul) for __aeabi_fmul
    main.o(.text.readData) refers to fdiv.o(x$fpl$fdiv) for __aeabi_fdiv
    main.o(.text.readData) refers to dflt_clz.o(x$fpl$dflt) for __aeabi_i2d
    main.o(.text.readData) refers to pow.o(i.pow) for pow
    main.o(.text.readData) refers to daddsub_clz.o(x$fpl$dadd) for __aeabi_dadd
    main.o(.text.readData) refers to sqrt.o(i.sqrt) for sqrt
    main.o(.text.readData) refers to ddiv.o(x$fpl$ddiv) for __aeabi_ddiv
    main.o(.text.readData) refers to d2f.o(x$fpl$d2f) for __aeabi_d2f
    main.o(.text.readData) refers to f2d.o(x$fpl$f2d) for __aeabi_f2d
    main.o(.text.readData) refers to asin.o(i.asin) for asin
    main.o(.text.readData) refers to main.o(.bss.apitch) for apitch
    main.o(.text.readData) refers to cos.o(i.cos) for cos
    main.o(.text.readData) refers to daddsub_clz.o(x$fpl$dsub) for __aeabi_dsub
    main.o(.text.readData) refers to main.o(.bss.aroll) for aroll
    main.o(.text.readData) refers to main.o(.bss.Roll) for Roll
    main.o(.text.readData) refers to sin.o(i.sin) for sin
    main.o(.text.readData) refers to dmul.o(x$fpl$dmul) for __aeabi_dmul
    main.o(.text.readData) refers to main.o(.bss.Pitch) for Pitch
    main.o(.text.readData) refers to tan.o(i.tan) for tan
    main.o(.text.readData) refers to faddsub_clz.o(x$fpl$fsub) for __aeabi_fsub
    main.o(.text.readData) refers to faddsub_clz.o(x$fpl$fadd) for __aeabi_fadd
    main.o(.text.readData) refers to fcmp.o(x$fpl$fcmp) for __aeabi_fcmple
[...]
    ../clib/angel/scatter.s                  0x00000000   Number         0  __scatter.o ABSOLUTE
    ../clib/angel/startup.s                  0x00000000   Number         0  __main.o ABSOLUTE
    ../clib/angel/sys.s                      0x00000000   Number         0  libspace.o ABSOLUTE
    ../clib/angel/sys.s                      0x00000000   Number         0  sys_stackheap_outer.o ABSOLUTE
    ../clib/angel/sys.s                      0x00000000   Number         0  use_no_semi.o ABSOLUTE
    ../clib/angel/sys.s                      0x00000000   Number         0  indicate_semi.o ABSOLUTE
    ../clib/angel/sysapp.c                   0x00000000   Number         0  sys_exit.o ABSOLUTE
    ../clib/angel/sysapp.c                   0x00000000   Number         0  sys_exit_hlt.o ABSOLUTE
    ../clib/angel/sysapp.c                   0x00000000   Number         0  sys_command.o ABSOLUTE
    ../clib/angel/sysapp.c                   0x00000000   Number         0  sys_command_hlt.o ABSOLUTE
    ../clib/angel/sysapp.c                   0x00000000   Number         0  sys_wrch.o ABSOLUTE
    ../clib/angel/sysapp.c                   0x00000000   Number         0  sys_wrch_hlt.o ABSOLUTE
    ../clib/armsys.c                         0x00000000   Number         0  argv_veneer.o ABSOLUTE
    ../clib/armsys.c                         0x00000000   Number         0  argv_veneer.o ABSOLUTE
    ../clib/armsys.c                         0x00000000   Number         0  _get_argv_nomalloc.o ABSOLUTE
    ../clib/armsys.c                         0x00000000   Number         0  no_argv.o ABSOLUTE
    ../clib/bigflt.c                         0x00000000   Number         0  bigflt0.o ABSOLUTE
    ../clib/btod.s                           0x00000000   Number         0  btod.o ABSOLUTE
    ../clib/btod_accurate.c                  0x00000000   Number         0  btod_accurate.o ABSOLUTE
    ../clib/btod_accurate.c                  0x00000000   Number         0  btod_accurate_common.o ABSOLUTE
    ../clib/fenv.c                           0x00000000   Number         0  _rserrno.o ABSOLUTE
    ../clib/heapalloc.c                      0x00000000   Number         0  hrguard.o ABSOLUTE
    ../clib/heapaux.c                        0x00000000   Number         0  heapauxi.o ABSOLUTE
    ../clib/libinit.s                        0x00000000   Number         0  libinit.o ABSOLUTE
    ../clib/libinit.s                        0x00000000   Number         0  libinit2.o ABSOLUTE
    ../clib/libinit.s                        0x00000000   Number         0  libshutdown.o ABSOLUTE
    ../clib/libinit.s                        0x00000000   Number         0  libshutdown2.o ABSOLUTE
    ../clib/locale.c                         0x00000000   Number         0  _c16rtomb.o ABSOLUTE
    ../clib/locale.s                         0x00000000   Number         0  lc_numeric_c.o ABSOLUTE
    ../clib/locale.s                         0x00000000   Number         0  lc_ctype_c.o ABSOLUTE
    ../clib/longlong.s                       0x00000000   Number         0  lludiv10.o ABSOLUTE
    ../clib/longlong.s                       0x00000000   Number         0  llushr.o ABSOLUTE
    ../clib/memcpset.s                       0x00000000   Number         0  strcmpv7m.o ABSOLUTE
    ../clib/misc.s                           0x00000000   Number         0  printf_stubs.o ABSOLUTE
    ../clib/printf.c                         0x00000000   Number         0  sprintf.o ABSOLUTE
    ../clib/printf.c                         0x00000000   Number         0  __printf.o ABSOLUTE
    ../clib/printf.c                         0x00000000   Number         0  _printf_pad.o ABSOLUTE
    ../clib/printf.c                         0x00000000   Number         0  _printf_truncate.o ABSOLUTE
    ../clib/printf.c                         0x00000000   Number         0  _printf_str.o ABSOLUTE
    ../clib/printf.c                         0x00000000   Number         0  _printf_dec.o ABSOLUTE
    ../clib/printf.c                         0x00000000   Number         0  _printf_charcount.o ABSOLUTE
    ../clib/printf.c                         0x00000000   Number         0  _printf_char_common.o ABSOLUTE
    ../clib/printf.c                         0x00000000   Number         0  _sputc.o ABSOLUTE
    ../clib/printf.c                         0x00000000   Number         0  _printf_wctomb.o ABSOLUTE
    ../clib/printf.c                         0x00000000   Number         0  _printf_longlong_dec.o ABSOLUTE
    ../clib/printf.c                         0x00000000   Number         0  _printf_oct_ll.o ABSOLUTE
    ../clib/printf.c                         0x00000000   Number         0  _printf_oct_int.o ABSOLUTE
    ../clib/printf.c                         0x00000000   Number         0  _printf_oct_int_ll.o ABSOLUTE
    ../clib/printf.c                         0x00000000   Number         0  _printf_hex_ll.o ABSOLUTE
    ../clib/printf.c                         0x00000000   Number         0  _printf_hex_int.o ABSOLUTE
    ../clib/printf.c                         0x00000000   Number         0  _printf_hex_int_ll.o ABSOLUTE
    ../clib/printf.c                         0x00000000   Number         0  _printf_hex_ptr.o ABSOLUTE
    ../clib/printf.c                         0x00000000   Number         0  _printf_hex_int_ptr.o ABSOLUTE
    ../clib/printf.c                         0x00000000   Number         0  _printf_hex_ll_ptr.o ABSOLUTE
    ../clib/printf.c                         0x00000000   Number         0  _printf_hex_int_ll_ptr.o ABSOLUTE
    ../clib/printf.c                         0x00000000   Number         0  __printf_flags.o ABSOLUTE
    ../clib/printf.c                         0x00000000   Number         0  __printf_ss.o ABSOLUTE
    ../clib/printf.c                         0x00000000   Number         0  __printf_flags_ss.o ABSOLUTE
    ../clib/printf.c                         0x00000000   Number         0  __printf_wp.o ABSOLUTE
    ../clib/printf.c                         0x00000000   Number         0  __printf_flags_wp.o ABSOLUTE
    ../clib/printf.c                         0x00000000   Number         0  __printf_ss_wp.o ABSOLUTE
    ../clib/printf.c                         0x00000000   Number         0  __printf_flags_ss_wp.o ABSOLUTE
    ../clib/printf.c                         0x00000000   Number         0  _printf_intcommon.o ABSOLUTE
    ../clib/printf.c                         0x00000000   Number         0  _printf_fp_dec.o ABSOLUTE
    ../clib/printf.c                         0x00000000   Number         0  _printf_fp_dec_accurate.o ABSOLUTE
    ../clib/printf.c                         0x00000000   Number         0  _printf_fp_hex.o ABSOLUTE
    ../clib/printf.c                         0x00000000   Number         0  __printf_nopercent.o ABSOLUTE
    ../clib/printf.c                         0x00000000   Number         0  _printf_char.o ABSOLUTE
    ../clib/printf.c                         0x00000000   Number         0  _printf_wchar.o ABSOLUTE
    ../clib/printf.c                         0x00000000   Number         0  _printf_fp_infnan.o ABSOLUTE
    ../clib/printf_percent.s                 0x00000000   Number         0  _printf_c.o ABSOLUTE
    ../clib/printf_percent.s                 0x00000000   Number         0  _printf_s.o ABSOLUTE
    ../clib/printf_percent.s                 0x00000000   Number         0  _printf_n.o ABSOLUTE
    ../clib/printf_percent.s                 0x00000000   Number         0  _printf_x.o ABSOLUTE
    ../clib/printf_percent.s                 0x00000000   Number         0  _printf_p.o ABSOLUTE
    ../clib/printf_percent.s                 0x00000000   Number         0  _printf_o.o ABSOLUTE
    ../clib/printf_percent.s                 0x00000000   Number         0  _printf_i.o ABSOLUTE
    ../clib/printf_percent.s                 0x00000000   Number         0  _printf_d.o ABSOLUTE
    ../clib/printf_percent.s                 0x00000000   Number         0  _printf_u.o ABSOLUTE
    ../clib/printf_percent.s                 0x00000000   Number         0  _printf_f.o ABSOLUTE
    ../clib/printf_percent.s                 0x00000000   Number         0  _printf_e.o ABSOLUTE
    ../clib/printf_percent.s                 0x00000000   Number         0  _printf_g.o ABSOLUTE
    ../clib/printf_percent.s                 0x00000000   Number         0  _printf_a.o ABSOLUTE
    ../clib/printf_percent.s                 0x00000000   Number         0  _printf_percent.o ABSOLUTE
    ../clib/printf_percent.s                 0x00000000   Number         0  _printf_lli.o ABSOLUTE
    ../clib/printf_percent.s                 0x00000000   Number         0  _printf_lld.o ABSOLUTE
    ../clib/printf_percent.s                 0x00000000   Number         0  _printf_llu.o ABSOLUTE
    ../clib/printf_percent.s                 0x00000000   Number         0  _printf_ll.o ABSOLUTE
    ../clib/printf_percent.s                 0x00000000   Number         0  _printf_l.o ABSOLUTE
    ../clib/printf_percent.s                 0x00000000   Number         0  _printf_lc.o ABSOLUTE
    ../clib/printf_percent.s                 0x00000000   Number         0  _printf_ls.o ABSOLUTE
    ../clib/printf_percent.s                 0x00000000   Number         0  _printf_llo.o ABSOLUTE
    ../clib/printf_percent.s                 0x00000000   Number         0  _printf_llx.o ABSOLUTE
    ../clib/printf_percent.s                 0x00000000   Number         0  _printf_percent_end.o ABSOLUTE
    ../clib/signal.c                         0x00000000   Number         0  defsig_rtmem_outer.o ABSOLUTE
    ../clib/signal.c                         0x00000000   Number         0  defsig_rtmem_formal.o ABSOLUTE
    ../clib/signal.c                         0x00000000   Number         0  defsig_exit.o ABSOLUTE
    ../clib/signal.c                         0x00000000   Number         0  defsig_rtmem_inner.o ABSOLUTE
    ../clib/signal.c                         0x00000000   Number         0  __raise.o ABSOLUTE
    ../clib/signal.c                         0x00000000   Number         0  defsig_general.o ABSOLUTE
    ../clib/signal.c                         0x00000000   Number         0  defsig_abrt_inner.o ABSOLUTE
    ../clib/signal.c                         0x00000000   Number         0  defsig_fpe_inner.o ABSOLUTE
    ../clib/signal.c                         0x00000000   Number         0  defsig_rtred_inner.o ABSOLUTE
    ../clib/signal.c                         0x00000000   Number         0  defsig_stak_inner.o ABSOLUTE
    ../clib/signal.c                         0x00000000   Number         0  defsig_pvfn_inner.o ABSOLUTE
    ../clib/signal.c                         0x00000000   Number         0  defsig_cppl_inner.o ABSOLUTE
    ../clib/signal.c                         0x00000000   Number         0  defsig_segv_inner.o ABSOLUTE
    ../clib/signal.c                         0x00000000   Number         0  defsig_other.o ABSOLUTE
    ../clib/signal.s                         0x00000000   Number         0  defsig.o ABSOLUTE
    ../clib/stdlib.c                         0x00000000   Number         0  exit.o ABSOLUTE
    ../clib/string.c                         0x00000000   Number         0  strlen.o ABSOLUTE
    ../fplib/d2f.s                           0x00000000   Number         0  d2f.o ABSOLUTE
    ../fplib/daddsub.s                       0x00000000   Number         0  daddsub_clz.o ABSOLUTE
    ../fplib/dcheck1.s                       0x00000000   Number         0  dcheck1.o ABSOLUTE
    ../fplib/dcmpi.s                         0x00000000   Number         0  dcmpi.o ABSOLUTE
    ../fplib/ddiv.s                          0x00000000   Number         0  ddiv.o ABSOLUTE
    ../fplib/dfix.s                          0x00000000   Number         0  dfix.o ABSOLUTE
    ../fplib/dflt.s                          0x00000000   Number         0  dflt_clz.o ABSOLUTE
    ../fplib/dleqf.s                         0x00000000   Number         0  dleqf.o ABSOLUTE
    ../fplib/dmul.s                          0x00000000   Number         0  dmul.o ABSOLUTE
    ../fplib/dnaninf.s                       0x00000000   Number         0  dnaninf.o ABSOLUTE
    ../fplib/dretinf.s                       0x00000000   Number         0  dretinf.o ABSOLUTE
    ../fplib/drleqf.s                        0x00000000   Number         0  drleqf.o ABSOLUTE
    ../fplib/dsqrt.s                         0x00000000   Number         0  dsqrt_noumaal.o ABSOLUTE
    ../fplib/f2d.s                           0x00000000   Number         0  f2d.o ABSOLUTE
    ../fplib/faddsub.s                       0x00000000   Number         0  faddsub_clz.o ABSOLUTE
    ../fplib/fcmp.s                          0x00000000   Number         0  fcmp.o ABSOLUTE
    ../fplib/fcmpi.s                         0x00000000   Number         0  fcmpi.o ABSOLUTE
    ../fplib/fdiv.s                          0x00000000   Number         0  fdiv.o ABSOLUTE
    ../fplib/feqf.s                          0x00000000   Number         0  feqf.o ABSOLUTE
    ../fplib/ffix.s                          0x00000000   Number         0  ffix.o ABSOLUTE
    ../fplib/fflt.s                          0x00000000   Number         0  fflt_clz.o ABSOLUTE
    ../fplib/fgeqf.s                         0x00000000   Number         0  fgeqf.o ABSOLUTE
    ../fplib/fleqf.s                         0x00000000   Number         0  fleqf.o ABSOLUTE
    ../fplib/fmul.s                          0x00000000   Number         0  fmul.o ABSOLUTE
    ../fplib/fnaninf.s                       0x00000000   Number         0  fnaninf.o ABSOLUTE
    ../fplib/fpinit.s                        0x00000000   Number         0  fpinit.o ABSOLUTE
    ../fplib/fpinit_empty.s                  0x00000000   Number         0  fpinit_empty.o ABSOLUTE
    ../fplib/fretinf.s                       0x00000000   Number         0  fretinf.o ABSOLUTE
    ../fplib/istatus.s                       0x00000000   Number         0  istatus.o ABSOLUTE
    ../fplib/printf1.s                       0x00000000   Number         0  printf1.o ABSOLUTE
    ../fplib/printf2.s                       0x00000000   Number         0  printf2.o ABSOLUTE
    ../fplib/printf2a.s                      0x00000000   Number         0  printf2a.o ABSOLUTE
    ../fplib/printf2b.s                      0x00000000   Number         0  printf2b.o ABSOLUTE
    ../fplib/retnan.s                        0x00000000   Number         0  retnan.o ABSOLUTE
    ../fplib/scalbn.s                        0x00000000   Number         0  scalbn.o ABSOLUTE
    ../fplib/trapv.s                         0x00000000   Number         0  trapv.o ABSOLUTE
    ../fplib/usenofp.s                       0x00000000   Number         0  usenofp.o ABSOLUTE
    ../mathlib/asin.c                        0x00000000   Number         0  asin.o ABSOLUTE
    ../mathlib/cos.c                         0x00000000   Number         0  cos.o ABSOLUTE
    ../mathlib/cos_i.c                       0x00000000   Number         0  cos_i.o ABSOLUTE
    ../mathlib/dunder.c                      0x00000000   Number         0  dunder.o ABSOLUTE
    ../mathlib/fpclassify.c                  0x00000000   Number         0  fpclassify.o ABSOLUTE
    ../mathlib/poly.c                        0x00000000   Number         0  poly.o ABSOLUTE
    ../mathlib/pow.c                         0x00000000   Number         0  pow.o ABSOLUTE
    ../mathlib/qnan.c                        0x00000000   Number         0  qnan.o ABSOLUTE
    ../mathlib/rred.c                        0x00000000   Number         0  rred.o ABSOLUTE
    ../mathlib/sin.c                         0x00000000   Number         0  sin.o ABSOLUTE
    ../mathlib/sin_i.c                       0x00000000   Number         0  sin_i.o ABSOLUTE
    ../mathlib/sqrt.c                        0x00000000   Number         0  sqrt.o ABSOLUTE
    ../mathlib/tan.c                         0x00000000   Number         0  tan.o ABSOLUTE
    ../mathlib/tan_i.c                       0x00000000   Number         0  tan_i.o ABSOLUTE
    MDR32F9Qx_i2c.c                          0x00000000   Number         0  mdr32f9qx_i2c.o ABSOLUTE
    MDR32F9Qx_port.c                         0x00000000   Number         0  mdr32f9qx_port.o ABSOLUTE
    MDR32F9Qx_rst_clk.c                      0x00000000   Number         0  mdr32f9qx_rst_clk.o ABSOLUTE
    MDR32F9Qx_timer.c                        0x00000000   Number         0  mdr32f9qx_timer.o ABSOLUTE
    MPU9250.c                                0x00000000   Number         0  mpu9250.o ABSOLUTE
    RTE/Device/MDR1986BE92/startup_MDR32F9Qx.s 0x00000000   Number         0  startup_mdr32f9qx.o ABSOLUTE
    dc.s                                     0x00000000   Number         0  dc.o ABSOLUTE
    lcd.c                                    0x00000000   Number         0  lcd.o ABSOLUTE
    main.c                                   0x00000000   Number         0  main.o ABSOLUTE
    system_MDR32F9Qx.c                       0x00000000   Number         0  system_mdr32f9qx.o ABSOLUTE
    RESET                                    0x08000000   Section      192  startup_mdr32f9qx.o(RESET)
    !!!main                                  0x080000c0   Section        8  __main.o(!!!main)
    !!!scatter                               0x080000c8   Section       52  __scatter.o(!!!scatter)
    !!handler_copy                           0x080000fc   Section       26  __scatter_copy.o(!!handler_copy)
    !!handler_zi                             0x08000118   Section       28  __scatter_zi.o(!!handler_zi)
    .ARM.Collect$$libinit$$00000000          0x08000134   Section        2  libinit.o(.ARM.Collect$$libinit$$00000000)
    .ARM.Collect$$libinit$$00000002          0x08000136   Section        0  libinit2.o(.ARM.Collect$$libinit$$00000002)
    .ARM.Collect$$libinit$$00000004          0x08000136   Section        0  libinit2.o(.ARM.Collect$$libinit$$00000004)
    .ARM.Collect$$libinit$$00000006          0x08000136   Section        0  libinit2.o(.ARM.Collect$$libinit$$00000006)
    .ARM.Collect$$libinit$$0000000C          0x08000136   Section        0  libinit2.o(.ARM.Collect$$libinit$$0000000C)
    .ARM.Collect$$libinit$$0000000E          0x08000136   Section        0  libinit2.o(.ARM.Collect$$libinit$$0000000E)
    .ARM.Collect$$libinit$$00000010          0x08000136   Section        0  libinit2.o(.ARM.Collect$$libinit$$00000010)
    .ARM.Collect$$libinit$$00000013          0x08000136   Section        0  libinit2.o(.ARM.Collect$$libinit$$00000013)
    .ARM.Collect$$libinit$$00000015          0x08000136   Section        0  libinit2.o(.ARM.Collect$$libinit$$00000015)
    .ARM.Collect$$libinit$$00000017          0x08000136   Section        0  libinit2.o(.ARM.Collect$$libinit$$00000017)
    .ARM.Collect$$libinit$$00000019          0x08000136   Section        0  libinit2.o(.ARM.Collect$$libinit$$00000019)
    .ARM.Collect$$libinit$$0000001B          0x08000136   Section        0  libinit2.o(.ARM.Collect$$libinit$$0000001B)
    .ARM.Collect$$libinit$$0000001D          0x08000136   Section        0  libinit2.o(.ARM.Collect$$libinit$$0000001D)
    .ARM.Collect$$libinit$$0000001F          0x08000136   Section        0  libinit2.o(.ARM.Collect$$libinit$$0000001F)
    .ARM.Collect$$libinit$$00000021          0x08000136   Section        0  libinit2.o(.ARM.Collect$$libinit$$00000021)
    .ARM.Collect$$libinit$$00000023          0x08000136   Section        0  libinit2.o(.ARM.Collect$$libinit$$00000023)
    .ARM.Collect$$libinit$$00000025          0x08000136   Section        0  libinit2.o(.ARM.Collect$$libinit$$00000025)
    .ARM.Collect$$libinit$$00000027          0x08000136   Section        0  libinit2.o(.ARM.Collect$$libinit$$00000027)
    .ARM.Collect$$libinit$$0000002E          0x08000136   Section        0  libinit2.o(.ARM.Collect$$libinit$$0000002E)
    .ARM.Collect$$libinit$$00000030          0x08000136   Section        0  libinit2.o(.ARM.Collect$$libinit$$00000030)
    .ARM.Collect$$libinit$$00000032          0x08000136   Section        0  libinit2.o(.ARM.Collect$$libinit$$00000032)
    .ARM.Collect$$libinit$$00000034          0x08000136   Section        0  libinit2.o(.ARM.Collect$$libinit$$00000034)
    .ARM.Collect$$libinit$$00000035          0x08000136   Section        2  libinit2.o(.ARM.Collect$$libinit$$00000035)
    .ARM.Collect$$libshutdown$$00000000      0x08000138   Section        2  libshutdown.o(.ARM.Collect$$libshutdown$$00000000)
    .ARM.Collect$$libshutdown$$00000002      0x0800013a   Section        0  libshutdown2.o(.ARM.Collect$$libshutdown$$00000002)
    .ARM.Collect$$libshutdown$$00000004      0x0800013a   Section        0  libshutdown2.o(.ARM.Collect$$libshutdown$$00000004)
    .ARM.Collect$$libshutdown$$00000007      0x0800013a   Section        0  libshutdown2.o(.ARM.Collect$$libshutdown$$00000007)
    .ARM.Collect$$libshutdown$$0000000A      0x0800013a   Section        0  libshutdown2.o(.ARM.Collect$$libshutdown$$0000000A)
    .ARM.Collect$$libshutdown$$0000000C      0x0800013a   Section        0  libshutdown2.o(.ARM.Collect$$libshutdown$$0000000C)
    .ARM.Collect$$libshutdown$$0000000F      0x0800013a   Section        0  libshutdown2.o(.ARM.Collect$$libshutdown$$0000000F)
    .ARM.Collect$$libshutdown$$00000010      0x0800013a   Section        2  libshutdown2.o(.ARM.Collect$$libshutdown$$00000010)
    .ARM.Collect$$rtentry$$00000000          0x0800013c   Section        0  __rtentry.o(.ARM.Collect$$rtentry$$00000000)
    .ARM.Collect$$rtentry$$00000002          0x0800013c   Section        0  __rtentry2.o(.ARM.Collect$$rtentry$$00000002)
    .ARM.Collect$$rtentry$$00000004          0x0800013c   Section        6  __rtentry4.o(.ARM.Collect$$rtentry$$00000004)
    .ARM.Collect$$rtentry$$00000009          0x08000142   Section        0  __rtentry2.o(.ARM.Collect$$rtentry$$00000009)
    .ARM.Collect$$rtentry$$0000000A          0x08000142   Section        4  __rtentry2.o(.ARM.Collect$$rtentry$$0000000A)
    .ARM.Collect$$rtentry$$0000000C          0x08000146   Section        0  __rtentry2.o(.ARM.Collect$$rtentry$$0000000C)
    .ARM.Collect$$rtentry$$0000000D          0x08000146   Section        8  __rtentry2.o(.ARM.Collect$$rtentry$$0000000D)
    .ARM.Collect$$rtexit$$00000000           0x0800014e   Section        2  rtexit.o(.ARM.Collect$$rtexit$$00000000)
    .ARM.Collect$$rtexit$$00000002           0x08000150   Section        0  rtexit2.o(.ARM.Collect$$rtexit$$00000002)
    .ARM.Collect$$rtexit$$00000003           0x08000150   Section        4  rtexit2.o(.ARM.Collect$$rtexit$$00000003)
    .ARM.Collect$$rtexit$$00000004           0x08000154   Section        6  rtexit2.o(.ARM.Collect$$rtexit$$00000004)
    .text                                    0x0800015c   Section       64  startup_mdr32f9qx.o(.text)
    .text                                    0x0800019c   Section        0  heapauxi.o(.text)
    .text                                    0x080001a2   Section        0  _rserrno.o(.text)
    .text                                    0x080001b8   Section        8  rt_errno_addr_intlibspace.o(.text)
    .text                                    0x080001c0   Section        8  libspace.o(.text)
    .text                                    0x080001c8   Section       74  sys_stackheap_outer.o(.text)
    .text                                    0x08000212   Section        0  exit.o(.text)
    .text                                    0x08000224   Section        0  sys_exit.o(.text)
    .text                                    0x08000230   Section        2  use_no_semi.o(.text)
    .text                                    0x08000232   Section        0  indicate_semi.o(.text)
    [Anonymous Symbol]                       0x08000234   Section        0  mdr32f9qx_i2c.o(.text.I2C_Cmd)
    [Anonymous Symbol]                       0x08000270   Section        0  mdr32f9qx_i2c.o(.text.I2C_GetFlagStatus)
    [Anonymous Symbol]                       0x0800029c   Section        0  mdr32f9qx_i2c.o(.text.I2C_GetLastEvent)
    [Anonymous Symbol]                       0x080002c4   Section        0  mdr32f9qx_i2c.o(.text.I2C_GetReceivedData)
    [Anonymous Symbol]                       0x080002d8   Section        0  mdr32f9qx_i2c.o(.text.I2C_Init)
    [Anonymous Symbol]                       0x08000328   Section        0  mdr32f9qx_i2c.o(.text.I2C_Send7bitAddress)
    [Anonymous Symbol]                       0x08000354   Section        0  mdr32f9qx_i2c.o(.text.I2C_SendByte)
    [Anonymous Symbol]                       0x08000374   Section        0  mdr32f9qx_i2c.o(.text.I2C_SendSTOP)
    [Anonymous Symbol]                       0x08000388   Section        0  mdr32f9qx_i2c.o(.text.I2C_StartReceiveData)
    [Anonymous Symbol]                       0x080003a4   Section        0  mpu9250.o(.text.MPU9250_I2C_addressCorrection)
    [Anonymous Symbol]                       0x080003b8   Section        0  mpu9250.o(.text.MPU9250_readAllAccelData)
    [Anonymous Symbol]                       0x08000400   Section        0  mpu9250.o(.text.MPU9250_readAllGyroData)
    [Anonymous Symbol]                       0x08000448   Section        0  mpu9250.o(.text.MPU9250_readOneRegister)
    [Anonymous Symbol]                       0x08000550   Section        0  mdr32f9qx_port.o(.text.PORT_Init)
    [Anonymous Symbol]                       0x080006e8   Section        0  mdr32f9qx_rst_clk.o(.text.RST_CLK_PCLKcmd)
    [Anonymous Symbol]                       0x0800071c   Section        0  system_mdr32f9qx.o(.text.SystemCoreClockUpdate)
    [Anonymous Symbol]                       0x08000828   Section        0  system_mdr32f9qx.o(.text.SystemInit)
    [Anonymous Symbol]                       0x08000878   Section        0  mdr32f9qx_timer.o(.text.TIMER_BRGInit)
    [Anonymous Symbol]                       0x08000918   Section        0  mdr32f9qx_timer.o(.text.TIMER_ChnInit)
    [Anonymous Symbol]                       0x0800098c   Section        0  mdr32f9qx_timer.o(.text.TIMER_ChnOutInit)
    [Anonymous Symbol]                       0x080009e8   Section        0  mdr32f9qx_timer.o(.text.TIMER_ChnOutStructInit)
    [Anonymous Symbol]                       0x08000a18   Section        0  mdr32f9qx_timer.o(.text.TIMER_ChnStructInit)
    [Anonymous Symbol]                       0x08000a54   Section        0  mdr32f9qx_timer.o(.text.TIMER_ClearFlag)
    [Anonymous Symbol]                       0x08000a68   Section        0  mdr32f9qx_timer.o(.text.TIMER_Cmd)
    [Anonymous Symbol]                       0x08000a9c   Section        0  mdr32f9qx_timer.o(.text.TIMER_CntInit)
    [Anonymous Symbol]                       0x08000af4   Section        0  mdr32f9qx_timer.o(.text.TIMER_CntStructInit)
    [Anonymous Symbol]                       0x08000b30   Section        0  mdr32f9qx_timer.o(.text.TIMER_GetITStatus)
    [Anonymous Symbol]                       0x08000b64   Section        0  mdr32f9qx_timer.o(.text.TIMER_ITConfig)
    [Anonymous Symbol]                       0x08000b9c   Section        0  mdr32f9qx_timer.o(.text.TIMER_SetChnCompare)
    [Anonymous Symbol]                       0x08000bc0   Section        0  main.o(.text.Timer1Init)
    [Anonymous Symbol]                       0x08000cb4   Section        0  main.o(.text.Timer1_IRQHandler)
    __NVIC_EnableIRQ                         0x08000cdd   Thumb Code    48  main.o(.text.__NVIC_EnableIRQ)
    [Anonymous Symbol]                       0x08000cdc   Section        0  main.o(.text.__NVIC_EnableIRQ)
    __NVIC_SetPriority                       0x08000d0d   Thumb Code    66  main.o(.text.__NVIC_SetPriority)
    [Anonymous Symbol]                       0x08000d0c   Section        0  main.o(.text.__NVIC_SetPriority)
    [Anonymous Symbol]                       0x08000d50   Section        0  mpu9250.o(.text.convertTo16Bit)
    [Anonymous Symbol]                       0x08000d6c   Section        0  main.o(.text.init_I2C)
    [Anonymous Symbol]                       0x08000dd4   Section        0  main.o(.text.init_PortA)
    [Anonymous Symbol]                       0x08000e10   Section        0  main.o(.text.main)
    [Anonymous Symbol]                       0x08000e28   Section        0  main.o(.text.readData)
    [Anonymous Symbol]                       0x0800133c   Section        0  main.o(.text.servo_impulse)
    i.__ARM_fpclassify                       0x0800148a   Section        0  fpclassify.o(i.__ARM_fpclassify)
    i.__ieee754_rem_pio2                     0x080014b4   Section        0  rred.o(i.__ieee754_rem_pio2)
    i.__kernel_cos                           0x0800183c   Section        0  cos_i.o(i.__kernel_cos)
    i.__kernel_poly                          0x08001938   Section        0  poly.o(i.__kernel_poly)
    i.__kernel_sin                           0x080019e4   Section        0  sin_i.o(i.__kernel_sin)
    i.__kernel_tan                           0x08001ad0   Section        0  tan_i.o(i.__kernel_tan)
    i.__mathlib_dbl_divzero                  0x08001d4c   Section        0  dunder.o(i.__mathlib_dbl_divzero)
    i.__mathlib_dbl_infnan                   0x08001d5c   Section        0  dunder.o(i.__mathlib_dbl_infnan)
    i.__mathlib_dbl_infnan2                  0x08001d62   Section        0  dunder.o(i.__mathlib_dbl_infnan2)
    i.__mathlib_dbl_invalid                  0x08001d66   Section        0  dunder.o(i.__mathlib_dbl_invalid)
    i.__mathlib_dbl_overflow                 0x08001d72   Section        0  dunder.o(i.__mathlib_dbl_overflow)
    i.__mathlib_dbl_underflow                0x08001d80   Section        0  dunder.o(i.__mathlib_dbl_underflow)
    i.asin                                   0x08001d90   Section        0  asin.o(i.asin)
    i.cos                                    0x08002000   Section        0  cos.o(i.cos)
    i.pow                                    0x0800209c   Section        0  pow.o(i.pow)
    i.sin                                    0x08002a88   Section        0  sin.o(i.sin)
    i.sqrt                                   0x08002b28   Section        0  sqrt.o(i.sqrt)
    i.tan                                    0x08002b74   Section        0  tan.o(i.tan)
    x$fpl$d2f                                0x08002bd8   Section       98  d2f.o(x$fpl$d2f)
    x$fpl$dadd                               0x08002c3c   Section      336  daddsub_clz.o(x$fpl$dadd)
    _dadd1                                   0x08002c4d   Thumb Code     0  daddsub_clz.o(x$fpl$dadd)
    x$fpl$dcheck1                            0x08002d8c   Section       16  dcheck1.o(x$fpl$dcheck1)
    x$fpl$dcmpinf                            0x08002d9c   Section       24  dcmpi.o(x$fpl$dcmpinf)
    x$fpl$ddiv                               0x08002db4   Section      692  ddiv.o(x$fpl$ddiv)
    ddiv_entry                               0x08002dbb   Thumb Code     0  ddiv.o(x$fpl$ddiv)
    x$fpl$dfix                               0x08003068   Section       94  dfix.o(x$fpl$dfix)
    x$fpl$dflt                               0x080030c6   Section       46  dflt_clz.o(x$fpl$dflt)
    x$fpl$dfltu                              0x080030f4   Section       38  dflt_clz.o(x$fpl$dfltu)
    x$fpl$dleqf                              0x0800311c   Section      120  dleqf.o(x$fpl$dleqf)
    x$fpl$dmul                               0x08003194   Section      340  dmul.o(x$fpl$dmul)
    x$fpl$dnaninf                            0x080032e8   Section      156  dnaninf.o(x$fpl$dnaninf)
    x$fpl$dretinf                            0x08003384   Section       12  dretinf.o(x$fpl$dretinf)
    x$fpl$drleqf                             0x08003390   Section      108  drleqf.o(x$fpl$drleqf)
    x$fpl$drsb                               0x080033fc   Section       22  daddsub_clz.o(x$fpl$drsb)
    x$fpl$dsqrt                              0x08003414   Section      460  dsqrt_noumaal.o(x$fpl$dsqrt)
    x$fpl$dsub                               0x080035e0   Section      476  daddsub_clz.o(x$fpl$dsub)
    _dsub1                                   0x080035f1   Thumb Code     0  daddsub_clz.o(x$fpl$dsub)
    x$fpl$f2d                                0x080037bc   Section       86  f2d.o(x$fpl$f2d)
    x$fpl$fadd                               0x08003814   Section      196  faddsub_clz.o(x$fpl$fadd)
    _fadd1                                   0x08003823   Thumb Code     0  faddsub_clz.o(x$fpl$fadd)
    x$fpl$fcmp                               0x080038d8   Section       84  fcmp.o(x$fpl$fcmp)
    x$fpl$fcmpinf                            0x0800392c   Section       24  fcmpi.o(x$fpl$fcmpinf)
    _fdiv1                                   0x08003945   Thumb Code     0  fdiv.o(x$fpl$fdiv)
    x$fpl$fdiv                               0x08003944   Section      388  fdiv.o(x$fpl$fdiv)
    x$fpl$feqf                               0x08003ac8   Section      104  feqf.o(x$fpl$feqf)
    x$fpl$ffix                               0x08003b30   Section       54  ffix.o(x$fpl$ffix)
    x$fpl$fflt                               0x08003b68   Section       48  fflt_clz.o(x$fpl$fflt)
    x$fpl$fgeqf                              0x08003b98   Section      104  fgeqf.o(x$fpl$fgeqf)
    x$fpl$fleqf                              0x08003c00   Section      104  fleqf.o(x$fpl$fleqf)
    x$fpl$fmul                               0x08003c68   Section      258  fmul.o(x$fpl$fmul)
    x$fpl$fnaninf                            0x08003d6a   Section      140  fnaninf.o(x$fpl$fnaninf)
    x$fpl$fretinf                            0x08003df6   Section       10  fretinf.o(x$fpl$fretinf)
    x$fpl$fsub                               0x08003e00   Section      234  faddsub_clz.o(x$fpl$fsub)
    _fsub1                                   0x08003e0f   Thumb Code     0  faddsub_clz.o(x$fpl$fsub)
    x$fpl$retnan                             0x08003eea   Section      100  retnan.o(x$fpl$retnan)
    x$fpl$scalbn                             0x08003f4e   Section       92  scalbn.o(x$fpl$scalbn)
    x$fpl$trapveneer                         0x08003faa   Section       48  trapv.o(x$fpl$trapveneer)
    x$fpl$usenofp                            0x08003fda   Section        0  usenofp.o(x$fpl$usenofp)
    pS                                       0x08003fe0   Data          48  asin.o(.constdata)
    .constdata                               0x08003fe0   Section       80  asin.o(.constdata)
    qS                                       0x08004010   Data          32  asin.o(.constdata)
    bp                                       0x08004030   Data          16  pow.o(.constdata)
    .constdata                               0x08004030   Section      136  pow.o(.constdata)
    dp_h                                     0x08004040   Data          16  pow.o(.constdata)
    dp_l                                     0x08004050   Data          16  pow.o(.constdata)
    L                                        0x08004060   Data          48  pow.o(.constdata)
    P                                        0x08004090   Data          40  pow.o(.constdata)
    C                                        0x080040b8   Data          48  cos_i.o(.constdata)
    .constdata                               0x080040b8   Section       48  cos_i.o(.constdata)
    .constdata                               0x080040e8   Section        8  qnan.o(.constdata)
    pio2s                                    0x080040f0   Data          48  rred.o(.constdata)
    .constdata                               0x080040f0   Section      204  rred.o(.constdata)
    twooverpi                                0x08004120   Data         156  rred.o(.constdata)
    S                                        0x080041c0   Data          40  sin_i.o(.constdata)
    .constdata                               0x080041c0   Section       40  sin_i.o(.constdata)
    Todd                                     0x080041e8   Data          48  tan_i.o(.constdata)
    .constdata                               0x080041e8   Section       96  tan_i.o(.constdata)
    Teven                                    0x08004218   Data          48  tan_i.o(.constdata)
    .bss                                     0x20000008   Section       96  libspace.o(.bss)
    Heap_Mem                                 0x200000b8   Data         512  startup_mdr32f9qx.o(HEAP)
    HEAP                                     0x200000b8   Section      512  startup_mdr32f9qx.o(HEAP)
    Stack_Mem                                0x200002b8   Data        1024  startup_mdr32f9qx.o(STACK)
    STACK                                    0x200002b8   Section     1024  startup_mdr32f9qx.o(STACK)
    __initial_sp                             0x200006b8   Data           0  startup_mdr32f9qx.o(STACK)

    Global Symbols

    Symbol Name                              Value     Ov Type        Size  Object(Section)

    BuildAttributes$$THM_ISAv4$P$D$K$B$S$PE$A:L22UL41UL21$X:L11$S22US41US21$IEEE1$IW$~IW$USESV6$~STKCKD$USESV7$~SHL$OTIME$ROPI$IEEEX$EBA8$UX$STANDARDLIB$REQ8$PRES8$EABIv2 0x00000000   Number         0  anon$$obj.o ABSOLUTE
    __fp_init_empty                          0x00000000   Number         0  fpinit_empty.o ABSOLUTE
    _printf_flags                            0x00000000   Number         0  printf_stubs.o ABSOLUTE
    _printf_return_value                     0x00000000   Number         0  printf_stubs.o ABSOLUTE
    _printf_sizespec                         0x00000000   Number         0  printf_stubs.o ABSOLUTE
    _printf_widthprec                        0x00000000   Number         0  printf_stubs.o ABSOLUTE
    _SystemInit                               - Undefined Weak Reference
    __ARM_exceptions_init                     - Undefined Weak Reference
    __alloca_initialize                       - Undefined Weak Reference
    __arm_preinit_                            - Undefined Weak Reference
    __arm_relocate_pie_                       - Undefined Weak Reference
    __cpp_initialize__aeabi_                  - Undefined Weak Reference
    __cxa_finalize                            - Undefined Weak Reference
    __sigvec_lookup                           - Undefined Weak Reference
    _atexit_init                              - Undefined Weak Reference
    _call_atexit_fns                          - Undefined Weak Reference
    _clock_init                               - Undefined Weak Reference
    _fp_trap_init                             - Undefined Weak Reference
    _fp_trap_shutdown                         - Undefined Weak Reference
    _get_lc_collate                           - Undefined Weak Reference
    _get_lc_monetary                          - Undefined Weak Reference
    _get_lc_time                              - Undefined Weak Reference
    _getenv_init                              - Undefined Weak Reference
    _handle_redirection                       - Undefined Weak Reference
    _init_alloc                               - Undefined Weak Reference
    _init_user_alloc                          - Undefined Weak Reference
    _initio                                   - Undefined Weak Reference
    _printf_mbtowc                            - Undefined Weak Reference
    _printf_wc                                - Undefined Weak Reference
    _rand_init                                - Undefined Weak Reference
    _signal_finish                            - Undefined Weak Reference
    _signal_init                              - Undefined Weak Reference
    _terminate_alloc                          - Undefined Weak Reference
    _terminate_user_alloc                     - Undefined Weak Reference
    _terminateio                              - Undefined Weak Reference
    __Vectors_Size                           0x000000c0   Number         0  startup_mdr32f9qx.o ABSOLUTE
    __Vectors                                0x08000000   Data           4  startup_mdr32f9qx.o(RESET)
    __Vectors_End                            0x080000c0   Data           0  startup_mdr32f9qx.o(RESET)
    __main                                   0x080000c1   Thumb Code     8  __main.o(!!!main)
    __scatterload                            0x080000c9   Thumb Code     0  __scatter.o(!!!scatter)
    __scatterload_rt2                        0x080000c9   Thumb Code    44  __scatter.o(!!!scatter)
    __scatterload_rt2_thumb_only             0x080000c9   Thumb Code     0  __scatter.o(!!!scatter)
    __scatterload_null                       0x080000d7   Thumb Code     0  __scatter.o(!!!scatter)
    __scatterload_copy                       0x080000fd   Thumb Code    26  __scatter_copy.o(!!handler_copy)
    __scatterload_zeroinit                   0x08000119   Thumb Code    28  __scatter_zi.o(!!handler_zi)
    __rt_lib_init                            0x08000135   Thumb Code     0  libinit.o(.ARM.Collect$$libinit$$00000000)
    __rt_lib_init_alloca_1                   0x08000137   Thumb Code     0  libinit2.o(.ARM.Collect$$libinit$$00000030)
    __rt_lib_init_argv_1                     0x08000137   Thumb Code     0  libinit2.o(.ARM.Collect$$libinit$$0000002E)
    __rt_lib_init_atexit_1                   0x08000137   Thumb Code     0  libinit2.o(.ARM.Collect$$libinit$$0000001D)
    __rt_lib_init_clock_1                    0x08000137   Thumb Code     0  libinit2.o(.ARM.Collect$$libinit$$00000023)
    __rt_lib_init_cpp_1                      0x08000137   Thumb Code     0  libinit2.o(.ARM.Collect$$libinit$$00000034)
    __rt_lib_init_exceptions_1               0x08000137   Thumb Code     0  libinit2.o(.ARM.Collect$$libinit$$00000032)
    __rt_lib_init_fp_1                       0x08000137   Thumb Code     0  libinit2.o(.ARM.Collect$$libinit$$00000002)
    __rt_lib_init_fp_trap_1                  0x08000137   Thumb Code     0  libinit2.o(.ARM.Collect$$libinit$$00000021)
    __rt_lib_init_getenv_1                   0x08000137   Thumb Code     0  libinit2.o(.ARM.Collect$$libinit$$00000025)
    __rt_lib_init_heap_1                     0x08000137   Thumb Code     0  libinit2.o(.ARM.Collect$$libinit$$0000000C)
    __rt_lib_init_lc_collate_1               0x08000137   Thumb Code     0  libinit2.o(.ARM.Collect$$libinit$$00000013)
    __rt_lib_init_lc_ctype_1                 0x08000137   Thumb Code     0  libinit2.o(.ARM.Collect$$libinit$$00000015)
    __rt_lib_init_lc_monetary_1              0x08000137   Thumb Code     0  libinit2.o(.ARM.Collect$$libinit$$00000017)
    __rt_lib_init_lc_numeric_1               0x08000137   Thumb Code     0  libinit2.o(.ARM.Collect$$libinit$$00000019)
    __rt_lib_init_lc_time_1                  0x08000137   Thumb Code     0  libinit2.o(.ARM.Collect$$libinit$$0000001B)
    __rt_lib_init_preinit_1                  0x08000137   Thumb Code     0  libinit2.o(.ARM.Collect$$libinit$$00000006)
    __rt_lib_init_rand_1                     0x08000137   Thumb Code     0  libinit2.o(.ARM.Collect$$libinit$$00000010)
    __rt_lib_init_relocate_pie_1             0x08000137   Thumb Code     0  libinit2.o(.ARM.Collect$$libinit$$00000004)
    __rt_lib_init_return                     0x08000137   Thumb Code     0  libinit2.o(.ARM.Collect$$libinit$$00000035)
    __rt_lib_init_signal_1                   0x08000137   Thumb Code     0  libinit2.o(.ARM.Collect$$libinit$$0000001F)
    __rt_lib_init_stdio_1                    0x08000137   Thumb Code     0  libinit2.o(.ARM.Collect$$libinit$$00000027)
    __rt_lib_init_user_alloc_1               0x08000137   Thumb Code     0  libinit2.o(.ARM.Collect$$libinit$$0000000E)
    __rt_lib_shutdown                        0x08000139   Thumb Code     0  libshutdown.o(.ARM.Collect$$libshutdown$$00000000)
    __rt_lib_shutdown_cpp_1                  0x0800013b   Thumb Code     0  libshutdown2.o(.ARM.Collect$$libshutdown$$00000002)
    __rt_lib_shutdown_fp_trap_1              0x0800013b   Thumb Code     0  libshutdown2.o(.ARM.Collect$$libshutdown$$00000007)
    __rt_lib_shutdown_heap_1                 0x0800013b   Thumb Code     0  libshutdown2.o(.ARM.Collect$$libshutdown$$0000000F)
    __rt_lib_shutdown_return                 0x0800013b   Thumb Code     0  libshutdown2.o(.ARM.Collect$$libshutdown$$00000010)
    __rt_lib_shutdown_signal_1               0x0800013b   Thumb Code     0  libshutdown2.o(.ARM.Collect$$libshutdown$$0000000A)
    __rt_lib_shutdown_stdio_1                0x0800013b   Thumb Code     0  libshutdown2.o(.ARM.Collect$$libshutdown$$00000004)
    __rt_lib_shutdown_user_alloc_1           0x0800013b   Thumb Code     0  libshutdown2.o(.ARM.Collect$$libshutdown$$0000000C)
    __rt_entry                               0x0800013d   Thumb Code     0  __rtentry.o(.ARM.Collect$$rtentry$$00000000)
    __rt_entry_presh_1                       0x0800013d   Thumb Code     0  __rtentry2.o(.ARM.Collect$$rtentry$$00000002)
    __rt_entry_sh                            0x0800013d   Thumb Code     0  __rtentry4.o(.ARM.Collect$$rtentry$$00000004)
    __rt_entry_li                            0x08000143   Thumb Code     0  __rtentry2.o(.ARM.Collect$$rtentry$$0000000A)
    __rt_entry_postsh_1                      0x08000143   Thumb Code     0  __rtentry2.o(.ARM.Collect$$rtentry$$00000009)
    __rt_entry_main                          0x08000147   Thumb Code     0  __rtentry2.o(.ARM.Collect$$rtentry$$0000000D)
    __rt_entry_postli_1                      0x08000147   Thumb Code     0  __rtentry2.o(.ARM.Collect$$rtentry$$0000000C)
    __rt_exit                                0x0800014f   Thumb Code     0  rtexit.o(.ARM.Collect$$rtexit$$00000000)
    __rt_exit_ls                             0x08000151   Thumb Code     0  rtexit2.o(.ARM.Collect$$rtexit$$00000003)
    __rt_exit_prels_1                        0x08000151   Thumb Code     0  rtexit2.o(.ARM.Collect$$rtexit$$00000002)
    __rt_exit_exit                           0x08000155   Thumb Code     0  rtexit2.o(.ARM.Collect$$rtexit$$00000004)
    Reset_Handler                            0x0800015d   Thumb Code     8  startup_mdr32f9qx.o(.text)
    NMI_Handler                              0x08000165   Thumb Code     2  startup_mdr32f9qx.o(.text)
    HardFault_Handler                        0x08000167   Thumb Code     2  startup_mdr32f9qx.o(.text)
    MemManage_Handler                        0x08000169   Thumb Code     2  startup_mdr32f9qx.o(.text)
    BusFault_Handler                         0x0800016b   Thumb Code     2  startup_mdr32f9qx.o(.text)
    UsageFault_Handler                       0x0800016d   Thumb Code     2  startup_mdr32f9qx.o(.text)
    SVC_Handler                              0x0800016f   Thumb Code     2  startup_mdr32f9qx.o(.text)
    DebugMon_Handler                         0x08000171   Thumb Code     2  startup_mdr32f9qx.o(.text)
    PendSV_Handler                           0x08000173   Thumb Code     2  startup_mdr32f9qx.o(.text)
    SysTick_Handler                          0x08000175   Thumb Code     2  startup_mdr32f9qx.o(.text)
    ADC_IRQHandler                           0x08000177   Thumb Code     0  startup_mdr32f9qx.o(.text)
    BACKUP_IRQHandler                        0x08000177   Thumb Code     0  startup_mdr32f9qx.o(.text)
    CAN1_IRQHandler                          0x08000177   Thumb Code     0  startup_mdr32f9qx.o(.text)
    CAN2_IRQHandler                          0x08000177   Thumb Code     0  startup_mdr32f9qx.o(.text)
    COMPARATOR_IRQHandler                    0x08000177   Thumb Code     0  startup_mdr32f9qx.o(.text)
    DMA_IRQHandler                           0x08000177   Thumb Code     0  startup_mdr32f9qx.o(.text)
    EXT_INT1_IRQHandler                      0x08000177   Thumb Code     0  startup_mdr32f9qx.o(.text)
    EXT_INT2_IRQHandler                      0x08000177   Thumb Code     0  startup_mdr32f9qx.o(.text)
    EXT_INT3_IRQHandler                      0x08000177   Thumb Code     0  startup_mdr32f9qx.o(.text)
    EXT_INT4_IRQHandler                      0x08000177   Thumb Code     0  startup_mdr32f9qx.o(.text)
    I2C_IRQHandler                           0x08000177   Thumb Code     0  startup_mdr32f9qx.o(.text)
    POWER_IRQHandler                         0x08000177   Thumb Code     0  startup_mdr32f9qx.o(.text)
    SSP1_IRQHandler                          0x08000177   Thumb Code     0  startup_mdr32f9qx.o(.text)
    SSP2_IRQHandler                          0x08000177   Thumb Code     0  startup_mdr32f9qx.o(.text)
    Timer2_IRQHandler                        0x08000177   Thumb Code     0  startup_mdr32f9qx.o(.text)
    Timer3_IRQHandler                        0x08000177   Thumb Code     0  startup_mdr32f9qx.o(.text)
    UART1_IRQHandler                         0x08000177   Thumb Code     0  startup_mdr32f9qx.o(.text)
    UART2_IRQHandler                         0x08000177   Thumb Code     0  startup_mdr32f9qx.o(.text)
    USB_IRQHandler                           0x08000177   Thumb Code     0  startup_mdr32f9qx.o(.text)
    WWDG_IRQHandler                          0x08000177   Thumb Code     0  startup_mdr32f9qx.o(.text)
    __user_initial_stackheap                 0x08000179   Thumb Code     0  startup_mdr32f9qx.o(.text)
    __use_two_region_memory                  0x0800019d   Thumb Code     2  heapauxi.o(.text)
    __rt_heap_escrow$2region                 0x0800019f   Thumb Code     2  heapauxi.o(.text)
    __rt_heap_expand$2region                 0x080001a1   Thumb Code     2  heapauxi.o(.text)
    __read_errno                             0x080001a3   Thumb Code    10  _rserrno.o(.text)
    __set_errno                              0x080001ad   Thumb Code    12  _rserrno.o(.text)
    __aeabi_errno_addr                       0x080001b9   Thumb Code     8  rt_errno_addr_intlibspace.o(.text)
    __errno$intlibspace                      0x080001b9   Thumb Code     0  rt_errno_addr_intlibspace.o(.text)
    __rt_errno_addr$intlibspace              0x080001b9   Thumb Code     0  rt_errno_addr_intlibspace.o(.text)
    __user_libspace                          0x080001c1   Thumb Code     8  libspace.o(.text)
    __user_perproc_libspace                  0x080001c1   Thumb Code     0  libspace.o(.text)
    __user_perthread_libspace                0x080001c1   Thumb Code     0  libspace.o(.text)
    __user_setup_stackheap                   0x080001c9   Thumb Code    74  sys_stackheap_outer.o(.text)
    exit                                     0x08000213   Thumb Code    18  exit.o(.text)
    _sys_exit                                0x08000225   Thumb Code     8  sys_exit.o(.text)
    __I$use$semihosting                      0x08000231   Thumb Code     0  use_no_semi.o(.text)
    __use_no_semihosting_swi                 0x08000231   Thumb Code     2  use_no_semi.o(.text)
    __semihosting_library_function           0x08000233   Thumb Code     0  indicate_semi.o(.text)
    I2C_Cmd                                  0x08000235   Thumb Code    58  mdr32f9qx_i2c.o(.text.I2C_Cmd)
    I2C_GetFlagStatus                        0x08000271   Thumb Code    42  mdr32f9qx_i2c.o(.text.I2C_GetFlagStatus)
    I2C_GetLastEvent                         0x0800029d   Thumb Code    40  mdr32f9qx_i2c.o(.text.I2C_GetLastEvent)
    I2C_GetReceivedData                      0x080002c5   Thumb Code    20  mdr32f9qx_i2c.o(.text.I2C_GetReceivedData)
    I2C_Init                                 0x080002d9   Thumb Code    80  mdr32f9qx_i2c.o(.text.I2C_Init)
    I2C_Send7bitAddress                      0x08000329   Thumb Code    42  mdr32f9qx_i2c.o(.text.I2C_Send7bitAddress)
    I2C_SendByte                             0x08000355   Thumb Code    32  mdr32f9qx_i2c.o(.text.I2C_SendByte)
    I2C_SendSTOP                             0x08000375   Thumb Code    20  mdr32f9qx_i2c.o(.text.I2C_SendSTOP)
    I2C_StartReceiveData                     0x08000389   Thumb Code    26  mdr32f9qx_i2c.o(.text.I2C_StartReceiveData)
    MPU9250_I2C_addressCorrection            0x080003a5   Thumb Code    18  mpu9250.o(.text.MPU9250_I2C_addressCorrection)
    MPU9250_readAllAccelData                 0x080003b9   Thumb Code    70  mpu9250.o(.text.MPU9250_readAllAccelData)
    MPU9250_readAllGyroData                  0x08000401   Thumb Code    70  mpu9250.o(.text.MPU9250_readAllGyroData)
    MPU9250_readOneRegister                  0x08000449   Thumb Code   264  mpu9250.o(.text.MPU9250_readOneRegister)
    PORT_Init                                0x08000551   Thumb Code   406  mdr32f9qx_port.o(.text.PORT_Init)
    RST_CLK_PCLKcmd                          0x080006e9   Thumb Code    52  mdr32f9qx_rst_clk.o(.text.RST_CLK_PCLKcmd)
    SystemCoreClockUpdate                    0x0800071d   Thumb Code   268  system_mdr32f9qx.o(.text.SystemCoreClockUpdate)
    SystemInit                               0x08000829   Thumb Code    78  system_mdr32f9qx.o(.text.SystemInit)
    TIMER_BRGInit                            0x08000879   Thumb Code   160  mdr32f9qx_timer.o(.text.TIMER_BRGInit)
    TIMER_ChnInit                            0x08000919   Thumb Code   116  mdr32f9qx_timer.o(.text.TIMER_ChnInit)
    TIMER_ChnOutInit                         0x0800098d   Thumb Code    92  mdr32f9qx_timer.o(.text.TIMER_ChnOutInit)
    TIMER_ChnOutStructInit                   0x080009e9   Thumb Code    46  mdr32f9qx_timer.o(.text.TIMER_ChnOutStructInit)
    TIMER_ChnStructInit                      0x08000a19   Thumb Code    58  mdr32f9qx_timer.o(.text.TIMER_ChnStructInit)
    TIMER_ClearFlag                          0x08000a55   Thumb Code    20  mdr32f9qx_timer.o(.text.TIMER_ClearFlag)
    TIMER_Cmd                                0x08000a69   Thumb Code    52  mdr32f9qx_timer.o(.text.TIMER_Cmd)
    TIMER_CntInit                            0x08000a9d   Thumb Code    88  mdr32f9qx_timer.o(.text.TIMER_CntInit)
    TIMER_CntStructInit                      0x08000af5   Thumb Code    58  mdr32f9qx_timer.o(.text.TIMER_CntStructInit)
    TIMER_GetITStatus                        0x08000b31   Thumb Code    52  mdr32f9qx_timer.o(.text.TIMER_GetITStatus)
    TIMER_ITConfig                           0x08000b65   Thumb Code    54  mdr32f9qx_timer.o(.text.TIMER_ITConfig)
    TIMER_SetChnCompare                      0x08000b9d   Thumb Code    34  mdr32f9qx_timer.o(.text.TIMER_SetChnCompare)
    Timer1Init                               0x08000bc1   Thumb Code   242  main.o(.text.Timer1Init)
    Timer1_IRQHandler                        0x08000cb5   Thumb Code    38  main.o(.text.Timer1_IRQHandler)
    convertTo16Bit                           0x08000d51   Thumb Code    28  mpu9250.o(.text.convertTo16Bit)
    init_I2C                                 0x08000d6d   Thumb Code   104  main.o(.text.init_I2C)
    init_PortA                               0x08000dd5   Thumb Code    60  main.o(.text.init_PortA)
    main                                     0x08000e11   Thumb Code    24  main.o(.text.main)
    readData                                 0x08000e29   Thumb Code  1298  main.o(.text.readData)
    servo_impulse                            0x0800133d   Thumb Code   334  main.o(.text.servo_impulse)
    __ARM_fpclassify                         0x0800148b   Thumb Code    40  fpclassify.o(i.__ARM_fpclassify)
    __ieee754_rem_pio2                       0x080014b5   Thumb Code   828  rred.o(i.__ieee754_rem_pio2)
    __kernel_cos                             0x0800183d   Thumb Code   230  cos_i.o(i.__kernel_cos)
    __kernel_poly                            0x08001939   Thumb Code   170  poly.o(i.__kernel_poly)
    __kernel_sin                             0x080019e5   Thumb Code   224  sin_i.o(i.__kernel_sin)
    __kernel_tan                             0x08001ad1   Thumb Code   586  tan_i.o(i.__kernel_tan)
    __mathlib_dbl_divzero                    0x08001d4d   Thumb Code    12  dunder.o(i.__mathlib_dbl_divzero)
    __mathlib_dbl_infnan                     0x08001d5d   Thumb Code     6  dunder.o(i.__mathlib_dbl_infnan)
    __mathlib_dbl_infnan2                    0x08001d63   Thumb Code     4  dunder.o(i.__mathlib_dbl_infnan2)
    __mathlib_dbl_invalid                    0x08001d67   Thumb Code    12  dunder.o(i.__mathlib_dbl_invalid)
    __mathlib_dbl_overflow                   0x08001d73   Thumb Code    14  dunder.o(i.__mathlib_dbl_overflow)
    __mathlib_dbl_underflow                  0x08001d81   Thumb Code    10  dunder.o(i.__mathlib_dbl_underflow)
    asin                                     0x08001d91   Thumb Code   572  asin.o(i.asin)
    cos                                      0x08002001   Thumb Code   148  cos.o(i.cos)
    pow                                      0x0800209d   Thumb Code  2532  pow.o(i.pow)
    sin                                      0x08002a89   Thumb Code   150  sin.o(i.sin)
    sqrt                                     0x08002b29   Thumb Code    76  sqrt.o(i.sqrt)
    tan                                      0x08002b75   Thumb Code    90  tan.o(i.tan)
    __aeabi_d2f                              0x08002bd9   Thumb Code     0  d2f.o(x$fpl$d2f)
    _d2f                                     0x08002bd9   Thumb Code    98  d2f.o(x$fpl$d2f)
    __aeabi_dadd                             0x08002c3d   Thumb Code     0  daddsub_clz.o(x$fpl$dadd)
    _dadd                                    0x08002c3d   Thumb Code   332  daddsub_clz.o(x$fpl$dadd)
    __fpl_dcheck_NaN1                        0x08002d8d   Thumb Code    10  dcheck1.o(x$fpl$dcheck1)
    __fpl_dcmp_Inf                           0x08002d9d   Thumb Code    24  dcmpi.o(x$fpl$dcmpinf)
    __aeabi_ddiv                             0x08002db5   Thumb Code     0  ddiv.o(x$fpl$ddiv)
    _ddiv                                    0x08002db5   Thumb Code   556  ddiv.o(x$fpl$ddiv)
    __aeabi_d2iz                             0x08003069   Thumb Code     0  dfix.o(x$fpl$dfix)
    _dfix                                    0x08003069   Thumb Code    94  dfix.o(x$fpl$dfix)
    __aeabi_i2d                              0x080030c7   Thumb Code     0  dflt_clz.o(x$fpl$dflt)
    _dflt                                    0x080030c7   Thumb Code    46  dflt_clz.o(x$fpl$dflt)
    __aeabi_ui2d                             0x080030f5   Thumb Code     0  dflt_clz.o(x$fpl$dfltu)
    _dfltu                                   0x080030f5   Thumb Code    38  dflt_clz.o(x$fpl$dfltu)
    __aeabi_cdcmple                          0x0800311d   Thumb Code     0  dleqf.o(x$fpl$dleqf)
    _dcmple                                  0x0800311d   Thumb Code   120  dleqf.o(x$fpl$dleqf)
    __fpl_dcmple_InfNaN                      0x0800317f   Thumb Code     0  dleqf.o(x$fpl$dleqf)
    __aeabi_dmul                             0x08003195   Thumb Code     0  dmul.o(x$fpl$dmul)
    _dmul                                    0x08003195   Thumb Code   332  dmul.o(x$fpl$dmul)
    __fpl_dnaninf                            0x080032e9   Thumb Code   156  dnaninf.o(x$fpl$dnaninf)
    __fpl_dretinf                            0x08003385   Thumb Code    12  dretinf.o(x$fpl$dretinf)
    __aeabi_cdrcmple                         0x08003391   Thumb Code     0  drleqf.o(x$fpl$drleqf)
    _drcmple                                 0x08003391   Thumb Code   108  drleqf.o(x$fpl$drleqf)
    __aeabi_drsub                            0x080033fd   Thumb Code     0  daddsub_clz.o(x$fpl$drsb)
    _drsb                                    0x080033fd   Thumb Code    22  daddsub_clz.o(x$fpl$drsb)
    _dsqrt                                   0x08003415   Thumb Code   456  dsqrt_noumaal.o(x$fpl$dsqrt)
    __aeabi_dsub                             0x080035e1   Thumb Code     0  daddsub_clz.o(x$fpl$dsub)
    _dsub                                    0x080035e1   Thumb Code   472  daddsub_clz.o(x$fpl$dsub)
    __aeabi_f2d                              0x080037bd   Thumb Code     0  f2d.o(x$fpl$f2d)
    _f2d                                     0x080037bd   Thumb Code    86  f2d.o(x$fpl$f2d)
    __aeabi_fadd                             0x08003815   Thumb Code     0  faddsub_clz.o(x$fpl$fadd)
    _fadd                                    0x08003815   Thumb Code   196  faddsub_clz.o(x$fpl$fadd)
    __aeabi_fcmpeq                           0x080038d9   Thumb Code     0  fcmp.o(x$fpl$fcmp)
    _feq                                     0x080038d9   Thumb Code    14  fcmp.o(x$fpl$fcmp)
    _fneq                                    0x080038e7   Thumb Code    14  fcmp.o(x$fpl$fcmp)
    __aeabi_fcmpgt                           0x080038f5   Thumb Code     0  fcmp.o(x$fpl$fcmp)
    _fgr                                     0x080038f5   Thumb Code    14  fcmp.o(x$fpl$fcmp)
    __aeabi_fcmpge                           0x08003903   Thumb Code     0  fcmp.o(x$fpl$fcmp)
    _fgeq                                    0x08003903   Thumb Code    14  fcmp.o(x$fpl$fcmp)
    __aeabi_fcmple                           0x08003911   Thumb Code     0  fcmp.o(x$fpl$fcmp)
    _fleq                                    0x08003911   Thumb Code    14  fcmp.o(x$fpl$fcmp)
    __aeabi_fcmplt                           0x0800391f   Thumb Code     0  fcmp.o(x$fpl$fcmp)
    _fls                                     0x0800391f   Thumb Code    14  fcmp.o(x$fpl$fcmp)
    __fpl_fcmp_Inf                           0x0800392d   Thumb Code    24  fcmpi.o(x$fpl$fcmpinf)
    __aeabi_fdiv                             0x08003945   Thumb Code     0  fdiv.o(x$fpl$fdiv)
    _fdiv                                    0x08003945   Thumb Code   384  fdiv.o(x$fpl$fdiv)
    __aeabi_cfcmpeq                          0x08003ac9   Thumb Code     0  feqf.o(x$fpl$feqf)
    _fcmpeq                                  0x08003ac9   Thumb Code   104  feqf.o(x$fpl$feqf)
    __aeabi_f2iz                             0x08003b31   Thumb Code     0  ffix.o(x$fpl$ffix)
    _ffix                                    0x08003b31   Thumb Code    54  ffix.o(x$fpl$ffix)
    __aeabi_i2f                              0x08003b69   Thumb Code     0  fflt_clz.o(x$fpl$fflt)
    _fflt                                    0x08003b69   Thumb Code    48  fflt_clz.o(x$fpl$fflt)
    _fcmpge                                  0x08003b99   Thumb Code   104  fgeqf.o(x$fpl$fgeqf)
    __aeabi_cfcmple                          0x08003c01   Thumb Code     0  fleqf.o(x$fpl$fleqf)
    _fcmple                                  0x08003c01   Thumb Code   104  fleqf.o(x$fpl$fleqf)
    __fpl_fcmple_InfNaN                      0x08003c53   Thumb Code     0  fleqf.o(x$fpl$fleqf)
    __aeabi_fmul                             0x08003c69   Thumb Code     0  fmul.o(x$fpl$fmul)
    _fmul                                    0x08003c69   Thumb Code   258  fmul.o(x$fpl$fmul)
    __fpl_fnaninf                            0x08003d6b   Thumb Code   140  fnaninf.o(x$fpl$fnaninf)
    __fpl_fretinf                            0x08003df7   Thumb Code    10  fretinf.o(x$fpl$fretinf)
    __aeabi_fsub                             0x08003e01   Thumb Code     0  faddsub_clz.o(x$fpl$fsub)
    _fsub                                    0x08003e01   Thumb Code   234  faddsub_clz.o(x$fpl$fsub)
    __fpl_return_NaN                         0x08003eeb   Thumb Code   100  retnan.o(x$fpl$retnan)
    __ARM_scalbn                             0x08003f4f   Thumb Code    92  scalbn.o(x$fpl$scalbn)
    __fpl_cmpreturn                          0x08003fab   Thumb Code    48  trapv.o(x$fpl$trapveneer)
    __I$use$fp                               0x08003fda   Number         0  usenofp.o(x$fpl$usenofp)
    __mathlib_zero                           0x080040e8   Data           8  qnan.o(.constdata)
    Region$$Table$$Base                      0x08004248   Number         0  anon$$obj.o(Region$$Table)
    Region$$Table$$Limit                     0x08004268   Number         0  anon$$obj.o(Region$$Table)
    RAD_TO_DEG                               0x20000000   Data           4  main.o(.data.RAD_TO_DEG)
    SystemCoreClock                          0x20000004   Data           4  system_mdr32f9qx.o(.data.SystemCoreClock)
    __libspace_start                         0x20000008   Data          96  libspace.o(.bss)
    I2C_InitStruct                           0x20000068   Data           8  main.o(.bss.I2C_InitStruct)
    __temporary_stack_top$libspace           0x20000068   Data           0  libspace.o(.bss)
    Pitch                                    0x20000070   Data           8  main.o(.bss.Pitch)
    Pitch_to_print                           0x20000078   Data           4  main.o(.bss.Pitch_to_print)
    PortInit                                 0x2000007c   Data          12  main.o(.bss.PortInit)
    Roll                                     0x20000088   Data           8  main.o(.bss.Roll)
    Roll_to_print                            0x20000090   Data           4  main.o(.bss.Roll_to_print)
    TTK                                      0x20000094   Data           4  main.o(.bss.TTK)
    TTN                                      0x20000098   Data           4  main.o(.bss.TTN)
    accelX                                   0x2000009c   Data           2  main.o(.bss.accelX)
    accelY                                   0x2000009e   Data           2  main.o(.bss.accelY)
    accelZ                                   0x200000a0   Data           2  main.o(.bss.accelZ)
    apitch                                   0x200000a4   Data           4  main.o(.bss.apitch)
    aroll                                    0x200000a8   Data           4  main.o(.bss.aroll)
    gyroX                                    0x200000ac   Data           2  main.o(.bss.gyroX)
    gyroY                                    0x200000ae   Data           2  main.o(.bss.gyroY)
    gyroZ                                    0x200000b0   Data           2  main.o(.bss.gyroZ)



==============================================================================

Memory Map of the image

  Image Entry point : 0x0800015d

  Load Region LR_1 (Base: 0x08000000, Size: 0x00004270, Max: 0xffffffff, ABSOLUTE)

    Execution Region ER_RO (Exec base: 0x08000000, Load base: 0x08000000, Size: 0x00004268, Max: 0xffffffff, ABSOLUTE)

    Exec Addr    Load Addr    Size         Type   Attr      Idx    E Section Name        Object

    0x08000000   0x08000000   0x000000c0   Data   RO          132    RESET               startup_mdr32f9qx.o
    0x080000c0   0x080000c0   0x00000008   Code   RO          415  * !!!main             c_w.l(__main.o)
    0x080000c8   0x080000c8   0x00000034   Code   RO          898    !!!scatter          c_w.l(__scatter.o)
    0x080000fc   0x080000fc   0x0000001a   Code   RO          900    !!handler_copy      c_w.l(__scatter_copy.o)
    0x08000116   0x08000116   0x00000002   PAD
    0x08000118   0x08000118   0x0000001c   Code   RO          902    !!handler_zi        c_w.l(__scatter_zi.o)
    0x08000134   0x08000134   0x00000002   Code   RO          746    .ARM.Collect$$libinit$$00000000  c_w.l(libinit.o)
    0x08000136   0x08000136   0x00000000   Code   RO          763    .ARM.Collect$$libinit$$00000002  c_w.l(libinit2.o)
    0x08000136   0x08000136   0x00000000   Code   RO          765    .ARM.Collect$$libinit$$00000004  c_w.l(libinit2.o)
    0x08000136   0x08000136   0x00000000   Code   RO          767    .ARM.Collect$$libinit$$00000006  c_w.l(libinit2.o)
    0x08000136   0x08000136   0x00000000   Code   RO          770    .ARM.Collect$$libinit$$0000000C  c_w.l(libinit2.o)
    0x08000136   0x08000136   0x00000000   Code   RO          772    .ARM.Collect$$libinit$$0000000E  c_w.l(libinit2.o)
    0x08000136   0x08000136   0x00000000   Code   RO          774    .ARM.Collect$$libinit$$00000010  c_w.l(libinit2.o)
    0x08000136   0x08000136   0x00000000   Code   RO          777    .ARM.Collect$$libinit$$00000013  c_w.l(libinit2.o)
    0x08000136   0x08000136   0x00000000   Code   RO          779    .ARM.Collect$$libinit$$00000015  c_w.l(libinit2.o)
    0x08000136   0x08000136   0x00000000   Code   RO          781    .ARM.Collect$$libinit$$00000017  c_w.l(libinit2.o)
    0x08000136   0x08000136   0x00000000   Code   RO          783    .ARM.Collect$$libinit$$00000019  c_w.l(libinit2.o)
    0x08000136   0x08000136   0x00000000   Code   RO          785    .ARM.Collect$$libinit$$0000001B  c_w.l(libinit2.o)
    0x08000136   0x08000136   0x00000000   Code   RO          787    .ARM.Collect$$libinit$$0000001D  c_w.l(libinit2.o)
    0x08000136   0x08000136   0x00000000   Code   RO          789    .ARM.Collect$$libinit$$0000001F  c_w.l(libinit2.o)
    0x08000136   0x08000136   0x00000000   Code   RO          791    .ARM.Collect$$libinit$$00000021  c_w.l(libinit2.o)
    0x08000136   0x08000136   0x00000000   Code   RO          793    .ARM.Collect$$libinit$$00000023  c_w.l(libinit2.o)
    0x08000136   0x08000136   0x00000000   Code   RO          795    .ARM.Collect$$libinit$$00000025  c_w.l(libinit2.o)
    0x08000136   0x08000136   0x00000000   Code   RO          797    .ARM.Collect$$libinit$$00000027  c_w.l(libinit2.o)
    0x08000136   0x08000136   0x00000000   Code   RO          801    .ARM.Collect$$libinit$$0000002E  c_w.l(libinit2.o)
    0x08000136   0x08000136   0x00000000   Code   RO          803    .ARM.Collect$$libinit$$00000030  c_w.l(libinit2.o)
    0x08000136   0x08000136   0x00000000   Code   RO          805    .ARM.Collect$$libinit$$00000032  c_w.l(libinit2.o)
    0x08000136   0x08000136   0x00000000   Code   RO          807    .ARM.Collect$$libinit$$00000034  c_w.l(libinit2.o)
    0x08000136   0x08000136   0x00000002   Code   RO          808    .ARM.Collect$$libinit$$00000035  c_w.l(libinit2.o)
    0x08000138   0x08000138   0x00000002   Code   RO          834    .ARM.Collect$$libshutdown$$00000000  c_w.l(libshutdown.o)
    0x0800013a   0x0800013a   0x00000000   Code   RO          849    .ARM.Collect$$libshutdown$$00000002  c_w.l(libshutdown2.o)
    0x0800013a   0x0800013a   0x00000000   Code   RO          851    .ARM.Collect$$libshutdown$$00000004  c_w.l(libshutdown2.o)
    0x0800013a   0x0800013a   0x00000000   Code   RO          854    .ARM.Collect$$libshutdown$$00000007  c_w.l(libshutdown2.o)
    0x0800013a   0x0800013a   0x00000000   Code   RO          857    .ARM.Collect$$libshutdown$$0000000A  c_w.l(libshutdown2.o)
    0x0800013a   0x0800013a   0x00000000   Code   RO          859    .ARM.Collect$$libshutdown$$0000000C  c_w.l(libshutdown2.o)
    0x0800013a   0x0800013a   0x00000000   Code   RO          862    .ARM.Collect$$libshutdown$$0000000F  c_w.l(libshutdown2.o)
    0x0800013a   0x0800013a   0x00000002   Code   RO          863    .ARM.Collect$$libshutdown$$00000010  c_w.l(libshutdown2.o)
    0x0800013c   0x0800013c   0x00000000   Code   RO          489    .ARM.Collect$$rtentry$$00000000  c_w.l(__rtentry.o)
    0x0800013c   0x0800013c   0x00000000   Code   RO          646    .ARM.Collect$$rtentry$$00000002  c_w.l(__rtentry2.o)
    0x0800013c   0x0800013c   0x00000006   Code   RO          658    .ARM.Collect$$rtentry$$00000004  c_w.l(__rtentry4.o)
    0x08000142   0x08000142   0x00000000   Code   RO          648    .ARM.Collect$$rtentry$$00000009  c_w.l(__rtentry2.o)
    0x08000142   0x08000142   0x00000004   Code   RO          649    .ARM.Collect$$rtentry$$0000000A  c_w.l(__rtentry2.o)
    0x08000146   0x08000146   0x00000000   Code   RO          651    .ARM.Collect$$rtentry$$0000000C  c_w.l(__rtentry2.o)
    0x08000146   0x08000146   0x00000008   Code   RO          652    .ARM.Collect$$rtentry$$0000000D  c_w.l(__rtentry2.o)
    0x0800014e   0x0800014e   0x00000002   Code   RO          753    .ARM.Collect$$rtexit$$00000000  c_w.l(rtexit.o)
    0x08000150   0x08000150   0x00000000   Code   RO          812    .ARM.Collect$$rtexit$$00000002  c_w.l(rtexit2.o)
    0x08000150   0x08000150   0x00000004   Code   RO          813    .ARM.Collect$$rtexit$$00000003  c_w.l(rtexit2.o)
    0x08000154   0x08000154   0x00000006   Code   RO          814    .ARM.Collect$$rtexit$$00000004  c_w.l(rtexit2.o)
    0x0800015a   0x0800015a   0x00000002   PAD
    0x0800015c   0x0800015c   0x00000040   Code   RO          133  * .text               startup_mdr32f9qx.o
    0x0800019c   0x0800019c   0x00000006   Code   RO          413    .text               c_w.l(heapauxi.o)
    0x080001a2   0x080001a2   0x00000016   Code   RO          490    .text               c_w.l(_rserrno.o)
    0x080001b8   0x080001b8   0x00000008   Code   RO          663    .text               c_w.l(rt_errno_addr_intlibspace.o)
    0x080001c0   0x080001c0   0x00000008   Code   RO          695    .text               c_w.l(libspace.o)
    0x080001c8   0x080001c8   0x0000004a   Code   RO          698    .text               c_w.l(sys_stackheap_outer.o)
    0x08000212   0x08000212   0x00000012   Code   RO          739    .text               c_w.l(exit.o)
    0x08000224   0x08000224   0x0000000c   Code   RO          824    .text               c_w.l(sys_exit.o)
    0x08000230   0x08000230   0x00000002   Code   RO          839    .text               c_w.l(use_no_semi.o)
    0x08000232   0x08000232   0x00000000   Code   RO          841    .text               c_w.l(indicate_semi.o)
    0x08000232   0x08000232   0x00000002   PAD
    0x08000234   0x08000234   0x0000003a   Code   RO          158    .text.I2C_Cmd       mdr32f9qx_i2c.o
    0x0800026e   0x0800026e   0x00000002   PAD
    0x08000270   0x08000270   0x0000002a   Code   RO          180    .text.I2C_GetFlagStatus  mdr32f9qx_i2c.o
    0x0800029a   0x0800029a   0x00000002   PAD
    0x0800029c   0x0800029c   0x00000028   Code   RO          178    .text.I2C_GetLastEvent  mdr32f9qx_i2c.o
    0x080002c4   0x080002c4   0x00000014   Code   RO          174    .text.I2C_GetReceivedData  mdr32f9qx_i2c.o
    0x080002d8   0x080002d8   0x00000050   Code   RO          154    .text.I2C_Init      mdr32f9qx_i2c.o
    0x08000328   0x08000328   0x0000002a   Code   RO          166    .text.I2C_Send7bitAddress  mdr32f9qx_i2c.o
    0x08000352   0x08000352   0x00000002   PAD
    0x08000354   0x08000354   0x00000020   Code   RO          168    .text.I2C_SendByte  mdr32f9qx_i2c.o
    0x08000374   0x08000374   0x00000014   Code   RO          170    .text.I2C_SendSTOP  mdr32f9qx_i2c.o
    0x08000388   0x08000388   0x0000001a   Code   RO          172    .text.I2C_StartReceiveData  mdr32f9qx_i2c.o
    0x080003a2   0x080003a2   0x00000002   PAD
    0x080003a4   0x080003a4   0x00000012   Code   RO           65    .text.MPU9250_I2C_addressCorrection  mpu9250.o
    0x080003b6   0x080003b6   0x00000002   PAD
    0x080003b8   0x080003b8   0x00000046   Code   RO           69    .text.MPU9250_readAllAccelData  mpu9250.o
    0x080003fe   0x080003fe   0x00000002   PAD
    0x08000400   0x08000400   0x00000046   Code   RO           71    .text.MPU9250_readAllGyroData  mpu9250.o
    0x08000446   0x08000446   0x00000002   PAD
    0x08000448   0x08000448   0x00000108   Code   RO           67    .text.MPU9250_readOneRegister  mpu9250.o
    0x08000550   0x08000550   0x00000196   Code   RO          191    .text.PORT_Init     mdr32f9qx_port.o
    0x080006e6   0x080006e6   0x00000002   PAD
    0x080006e8   0x080006e8   0x00000034   Code   RO          218    .text.RST_CLK_PCLKcmd  mdr32f9qx_rst_clk.o
    0x0800071c   0x0800071c   0x0000010c   Code   RO          140    .text.SystemCoreClockUpdate  system_mdr32f9qx.o
    0x08000828   0x08000828   0x0000004e   Code   RO          142    .text.SystemInit    system_mdr32f9qx.o
    0x08000876   0x08000876   0x00000002   PAD
    0x08000878   0x08000878   0x000000a0   Code   RO          399    .text.TIMER_BRGInit  mdr32f9qx_timer.o
    0x08000918   0x08000918   0x00000074   Code   RO          329    .text.TIMER_ChnInit  mdr32f9qx_timer.o
    0x0800098c   0x0800098c   0x0000005c   Code   RO          365    .text.TIMER_ChnOutInit  mdr32f9qx_timer.o
    0x080009e8   0x080009e8   0x0000002e   Code   RO          367    .text.TIMER_ChnOutStructInit  mdr32f9qx_timer.o
    0x08000a16   0x08000a16   0x00000002   PAD
    0x08000a18   0x08000a18   0x0000003a   Code   RO          331    .text.TIMER_ChnStructInit  mdr32f9qx_timer.o
    0x08000a52   0x08000a52   0x00000002   PAD
    0x08000a54   0x08000a54   0x00000014   Code   RO          391    .text.TIMER_ClearFlag  mdr32f9qx_timer.o
    0x08000a68   0x08000a68   0x00000034   Code   RO          295    .text.TIMER_Cmd     mdr32f9qx_timer.o
    0x08000a9c   0x08000a9c   0x00000058   Code   RO          291    .text.TIMER_CntInit  mdr32f9qx_timer.o
    0x08000af4   0x08000af4   0x0000003a   Code   RO          293    .text.TIMER_CntStructInit  mdr32f9qx_timer.o
    0x08000b2e   0x08000b2e   0x00000002   PAD
    0x08000b30   0x08000b30   0x00000034   Code   RO          397    .text.TIMER_GetITStatus  mdr32f9qx_timer.o
    0x08000b64   0x08000b64   0x00000036   Code   RO          395    .text.TIMER_ITConfig  mdr32f9qx_timer.o
    0x08000b9a   0x08000b9a   0x00000002   PAD
    0x08000b9c   0x08000b9c   0x00000022   Code   RO          333    .text.TIMER_SetChnCompare  mdr32f9qx_timer.o
    0x08000bbe   0x08000bbe   0x00000002   PAD
    0x08000bc0   0x08000bc0   0x000000f2   Code   RO            2    .text.Timer1Init    main.o
    0x08000cb2   0x08000cb2   0x00000002   PAD
    0x08000cb4   0x08000cb4   0x00000026   Code   RO           10    .text.Timer1_IRQHandler  main.o
    0x08000cda   0x08000cda   0x00000002   PAD
    0x08000cdc   0x08000cdc   0x00000030   Code   RO            4    .text.__NVIC_EnableIRQ  main.o
    0x08000d0c   0x08000d0c   0x00000042   Code   RO            6    .text.__NVIC_SetPriority  main.o
    0x08000d4e   0x08000d4e   0x00000002   PAD
    0x08000d50   0x08000d50   0x0000001c   Code   RO           73    .text.convertTo16Bit  mpu9250.o
    0x08000d6c   0x08000d6c   0x00000068   Code   RO           20    .text.init_I2C      main.o
    0x08000dd4   0x08000dd4   0x0000003c   Code   RO            8    .text.init_PortA    main.o
    0x08000e10   0x08000e10   0x00000018   Code   RO           18    .text.main          main.o
    0x08000e28   0x08000e28   0x00000512   Code   RO           12    .text.readData      main.o
    0x0800133a   0x0800133a   0x00000002   PAD
    0x0800133c   0x0800133c   0x0000014e   Code   RO           14    .text.servo_impulse  main.o
    0x0800148a   0x0800148a   0x00000028   Code   RO          629    i.__ARM_fpclassify  m_ws.l(fpclassify.o)
    0x080014b2   0x080014b2   0x00000002   PAD
    0x080014b4   0x080014b4   0x00000388   Code   RO          634    i.__ieee754_rem_pio2  m_ws.l(rred.o)
    0x0800183c   0x0800183c   0x000000fc   Code   RO          612    i.__kernel_cos      m_ws.l(cos_i.o)
    0x08001938   0x08001938   0x000000aa   Code   RO          631    i.__kernel_poly     m_ws.l(poly.o)
    0x080019e2   0x080019e2   0x00000002   PAD
    0x080019e4   0x080019e4   0x000000ec   Code   RO          639    i.__kernel_sin      m_ws.l(sin_i.o)
    0x08001ad0   0x08001ad0   0x0000027c   Code   RO          642    i.__kernel_tan      m_ws.l(tan_i.o)
    0x08001d4c   0x08001d4c   0x00000010   Code   RO          615    i.__mathlib_dbl_divzero  m_ws.l(dunder.o)
    0x08001d5c   0x08001d5c   0x00000006   Code   RO          616    i.__mathlib_dbl_infnan  m_ws.l(dunder.o)
    0x08001d62   0x08001d62   0x00000004   Code   RO          617    i.__mathlib_dbl_infnan2  m_ws.l(dunder.o)
    0x08001d66   0x08001d66   0x0000000c   Code   RO          618    i.__mathlib_dbl_invalid  m_ws.l(dunder.o)
    0x08001d72   0x08001d72   0x0000000e   Code   RO          619    i.__mathlib_dbl_overflow  m_ws.l(dunder.o)
    0x08001d80   0x08001d80   0x00000010   Code   RO          621    i.__mathlib_dbl_underflow  m_ws.l(dunder.o)
    0x08001d90   0x08001d90   0x00000270   Code   RO          464    i.asin              m_ws.l(asin.o)
    0x08002000   0x08002000   0x0000009c   Code   RO          469    i.cos               m_ws.l(cos.o)
    0x0800209c   0x0800209c   0x000009ec   Code   RO          473    i.pow               m_ws.l(pow.o)
    0x08002a88   0x08002a88   0x000000a0   Code   RO          478    i.sin               m_ws.l(sin.o)
    0x08002b28   0x08002b28   0x0000004c   Code   RO          482    i.sqrt              m_ws.l(sqrt.o)
    0x08002b74   0x08002b74   0x00000064   Code   RO          486    i.tan               m_ws.l(tan.o)
    0x08002bd8   0x08002bd8   0x00000062   Code   RO          417    x$fpl$d2f           fz_ws.l(d2f.o)
    0x08002c3a   0x08002c3a   0x00000002   PAD
    0x08002c3c   0x08002c3c   0x00000150   Code   RO          419    x$fpl$dadd          fz_ws.l(daddsub_clz.o)
    0x08002d8c   0x08002d8c   0x00000010   Code   RO          685    x$fpl$dcheck1       fz_ws.l(dcheck1.o)
    0x08002d9c   0x08002d9c   0x00000018   Code   RO          747    x$fpl$dcmpinf       fz_ws.l(dcmpi.o)
    0x08002db4   0x08002db4   0x000002b4   Code   RO          426    x$fpl$ddiv          fz_ws.l(ddiv.o)
    0x08003068   0x08003068   0x0000005e   Code   RO          687    x$fpl$dfix          fz_ws.l(dfix.o)
    0x080030c6   0x080030c6   0x0000002e   Code   RO          430    x$fpl$dflt          fz_ws.l(dflt_clz.o)
    0x080030f4   0x080030f4   0x00000026   Code   RO          429    x$fpl$dfltu         fz_ws.l(dflt_clz.o)
    0x0800311a   0x0800311a   0x00000002   PAD
    0x0800311c   0x0800311c   0x00000078   Code   RO          691    x$fpl$dleqf         fz_ws.l(dleqf.o)
    0x08003194   0x08003194   0x00000154   Code   RO          435    x$fpl$dmul          fz_ws.l(dmul.o)
    0x080032e8   0x080032e8   0x0000009c   Code   RO          583    x$fpl$dnaninf       fz_ws.l(dnaninf.o)
    0x08003384   0x08003384   0x0000000c   Code   RO          585    x$fpl$dretinf       fz_ws.l(dretinf.o)
    0x08003390   0x08003390   0x0000006c   Code   RO          587    x$fpl$drleqf        fz_ws.l(drleqf.o)
    0x080033fc   0x080033fc   0x00000016   Code   RO          420    x$fpl$drsb          fz_ws.l(daddsub_clz.o)
    0x08003412   0x08003412   0x00000002   PAD
    0x08003414   0x08003414   0x000001cc   Code   RO          589    x$fpl$dsqrt         fz_ws.l(dsqrt_noumaal.o)
    0x080035e0   0x080035e0   0x000001dc   Code   RO          421    x$fpl$dsub          fz_ws.l(daddsub_clz.o)
    0x080037bc   0x080037bc   0x00000056   Code   RO          437    x$fpl$f2d           fz_ws.l(f2d.o)
    0x08003812   0x08003812   0x00000002   PAD
    0x08003814   0x08003814   0x000000c4   Code   RO          439    x$fpl$fadd          fz_ws.l(faddsub_clz.o)
    0x080038d8   0x080038d8   0x00000054   Code   RO          445    x$fpl$fcmp          fz_ws.l(fcmp.o)
    0x0800392c   0x0800392c   0x00000018   Code   RO          693    x$fpl$fcmpinf       fz_ws.l(fcmpi.o)
    0x08003944   0x08003944   0x00000184   Code   RO          448    x$fpl$fdiv          fz_ws.l(fdiv.o)
    0x08003ac8   0x08003ac8   0x00000068   Code   RO          591    x$fpl$feqf          fz_ws.l(feqf.o)
    0x08003b30   0x08003b30   0x00000036   Code   RO          451    x$fpl$ffix          fz_ws.l(ffix.o)
    0x08003b66   0x08003b66   0x00000002   PAD
    0x08003b68   0x08003b68   0x00000030   Code   RO          456    x$fpl$fflt          fz_ws.l(fflt_clz.o)
    0x08003b98   0x08003b98   0x00000068   Code   RO          593    x$fpl$fgeqf         fz_ws.l(fgeqf.o)
    0x08003c00   0x08003c00   0x00000068   Code   RO          595    x$fpl$fleqf         fz_ws.l(fleqf.o)
    0x08003c68   0x08003c68   0x00000102   Code   RO          461    x$fpl$fmul          fz_ws.l(fmul.o)
    0x08003d6a   0x08003d6a   0x0000008c   Code   RO          597    x$fpl$fnaninf       fz_ws.l(fnaninf.o)
    0x08003df6   0x08003df6   0x0000000a   Code   RO          599    x$fpl$fretinf       fz_ws.l(fretinf.o)
    0x08003e00   0x08003e00   0x000000ea   Code   RO          441    x$fpl$fsub          fz_ws.l(faddsub_clz.o)
    0x08003eea   0x08003eea   0x00000064   Code   RO          751    x$fpl$retnan        fz_ws.l(retnan.o)
    0x08003f4e   0x08003f4e   0x0000005c   Code   RO          609    x$fpl$scalbn        fz_ws.l(scalbn.o)
    0x08003faa   0x08003faa   0x00000030   Code   RO          809    x$fpl$trapveneer    fz_ws.l(trapv.o)
    0x08003fda   0x08003fda   0x00000000   Code   RO          611    x$fpl$usenofp       fz_ws.l(usenofp.o)
    0x08003fda   0x08003fda   0x00000006   PAD
    0x08003fe0   0x08003fe0   0x00000050   Data   RO          465    .constdata          m_ws.l(asin.o)
    0x08004030   0x08004030   0x00000088   Data   RO          474    .constdata          m_ws.l(pow.o)
    0x080040b8   0x080040b8   0x00000030   Data   RO          613    .constdata          m_ws.l(cos_i.o)
    0x080040e8   0x080040e8   0x00000008   Data   RO          633    .constdata          m_ws.l(qnan.o)
    0x080040f0   0x080040f0   0x000000cc   Data   RO          636    .constdata          m_ws.l(rred.o)
    0x080041bc   0x080041bc   0x00000004   PAD
    0x080041c0   0x080041c0   0x00000028   Data   RO          640    .constdata          m_ws.l(sin_i.o)
    0x080041e8   0x080041e8   0x00000060   Data   RO          643    .constdata          m_ws.l(tan_i.o)
    0x08004248   0x08004248   0x00000020   Data   RO          897    Region$$Table       anon$$obj.o


    Execution Region ER_RW (Exec base: 0x20000000, Load base: 0x08004268, Size: 0x00000008, Max: 0xffffffff, ABSOLUTE)

    Exec Addr    Load Addr    Size         Type   Attr      Idx    E Section Name        Object

    0x20000000   0x08004268   0x00000004   Data   RW           24    .data.RAD_TO_DEG    main.o
    0x20000004   0x0800426c   0x00000004   Data   RW          144    .data.SystemCoreClock  system_mdr32f9qx.o


    Execution Region ER_ZI (Exec base: 0x20000008, Load base: 0x08004270, Size: 0x000006b0, Max: 0xffffffff, ABSOLUTE)

    Exec Addr    Load Addr    Size         Type   Attr      Idx    E Section Name        Object

    0x20000008        -       0x00000060   Zero   RW          696    .bss                c_w.l(libspace.o)
    0x20000068        -       0x00000008   Zero   RW           47    .bss.I2C_InitStruct  main.o
    0x20000070        -       0x00000008   Zero   RW           22    .bss.Pitch          main.o
    0x20000078        -       0x00000004   Zero   RW           41    .bss.Pitch_to_print  main.o
    0x2000007c        -       0x0000000c   Zero   RW           46    .bss.PortInit       main.o
    0x20000088        -       0x00000008   Zero   RW           23    .bss.Roll           main.o
    0x20000090        -       0x00000004   Zero   RW           42    .bss.Roll_to_print  main.o
    0x20000094        -       0x00000004   Zero   RW           43    .bss.TTK            main.o
    0x20000098        -       0x00000004   Zero   RW           44    .bss.TTN            main.o
    0x2000009c        -       0x00000002   Zero   RW           33    .bss.accelX         main.o
    0x2000009e        -       0x00000002   Zero   RW           34    .bss.accelY         main.o
    0x200000a0        -       0x00000002   Zero   RW           35    .bss.accelZ         main.o
    0x200000a2   0x08004270   0x00000002   PAD
    0x200000a4        -       0x00000004   Zero   RW           39    .bss.apitch         main.o
    0x200000a8        -       0x00000004   Zero   RW           40    .bss.aroll          main.o
    0x200000ac        -       0x00000002   Zero   RW           36    .bss.gyroX          main.o
    0x200000ae        -       0x00000002   Zero   RW           37    .bss.gyroY          main.o
    0x200000b0        -       0x00000002   Zero   RW           38    .bss.gyroZ          main.o
    0x200000b2   0x08004270   0x00000006   PAD
    0x200000b8        -       0x00000200   Zero   RW          131    HEAP                startup_mdr32f9qx.o
    0x200002b8        -       0x00000400   Zero   RW          130    STACK               startup_mdr32f9qx.o


==============================================================================

Image component sizes


      Code (inc. data)   RO Data    RW Data    ZI Data      Debug   Object Name

      2214          0          0          4         72       9070   main.o
       360          0          0          0          0       3815   mdr32f9qx_i2c.o
       406          0          0          0          0       4530   mdr32f9qx_port.o
        52          0          0          0          0       8839   mdr32f9qx_rst_clk.o
       830          0          0          0          0      15318   mdr32f9qx_timer.o
       450          0          0          0          0       2030   mpu9250.o
        64         26        192          0       1536        852   startup_mdr32f9qx.o
       346          0          0          4          0       1492   system_mdr32f9qx.o

    ----------------------------------------------------------------------
      4758         26        224          8       1616      45946   Object Totals
         0          0         32          0          0          0   (incl. Generated)
        36          0          0          0          8          0   (incl. Padding)

    ----------------------------------------------------------------------

      Code (inc. data)   RO Data    RW Data    ZI Data      Debug   Library Member Name

         8          0          0          0          0         68   __main.o
         0          0          0          0          0          0   __rtentry.o
        12          0          0          0          0          0   __rtentry2.o
         6          0          0          0          0          0   __rtentry4.o
        52          8          0          0          0          0   __scatter.o
        26          0          0          0          0          0   __scatter_copy.o
        28          0          0          0          0          0   __scatter_zi.o
        22          0          0          0          0        100   _rserrno.o
        18          0          0          0          0         80   exit.o
         6          0          0          0          0        152   heapauxi.o
         0          0          0          0          0          0   indicate_semi.o
         2          0          0          0          0          0   libinit.o
         2          0          0          0          0          0   libinit2.o
         2          0          0          0          0          0   libshutdown.o
         2          0          0          0          0          0   libshutdown2.o
         8          4          0          0         96         68   libspace.o
         8          4          0          0          0         68   rt_errno_addr_intlibspace.o
         2          0          0          0          0          0   rtexit.o
        10          0          0          0          0          0   rtexit2.o
        12          4          0          0          0         68   sys_exit.o
        74          0          0          0          0         80   sys_stackheap_outer.o
         2          0          0          0          0         68   use_no_semi.o
        98          4          0          0          0         92   d2f.o
       834         16          0          0          0        372   daddsub_clz.o
        16          4          0          0          0         68   dcheck1.o
        24          0          0          0          0         68   dcmpi.o
       692        140          0          0          0        216   ddiv.o
        94          4          0          0          0         92   dfix.o
        84          0          0          0          0        136   dflt_clz.o
       120          4          0          0          0         92   dleqf.o
       340         12          0          0          0        104   dmul.o
       156          4          0          0          0         92   dnaninf.o
        12          0          0          0          0         68   dretinf.o
       108          0          0          0          0         80   drleqf.o
       460         56          0          0          0        120   dsqrt_noumaal.o
        86          4          0          0          0         84   f2d.o
       430          8          0          0          0        168   faddsub_clz.o
        84          0          0          0          0        196   fcmp.o
        24          0          0          0          0         68   fcmpi.o
       388         76          0          0          0         96   fdiv.o
       104          4          0          0          0         84   feqf.o
        54          4          0          0          0         84   ffix.o
        48          0          0          0          0         68   fflt_clz.o
       104          4          0          0          0         84   fgeqf.o
       104          4          0          0          0         84   fleqf.o
       258          4          0          0          0         84   fmul.o
       140          4          0          0          0         84   fnaninf.o
        10          0          0          0          0         68   fretinf.o
       100          0          0          0          0         68   retnan.o
        92          0          0          0          0         68   scalbn.o
        48          0          0          0          0         68   trapv.o
         0          0          0          0          0          0   usenofp.o
       624         52         80          0          0        168   asin.o
       156          8          0          0          0        104   cos.o
       252         22         48          0          0        124   cos_i.o
        68         10          0          0          0        408   dunder.o
        40          0          0          0          0         68   fpclassify.o
       170          0          0          0          0         96   poly.o
      2540        188        136          0          0        332   pow.o
         0          0          8          0          0          0   qnan.o
       904         76        204          0          0        140   rred.o
       160         10          0          0          0        108   sin.o
       236         12         40          0          0        128   sin_i.o
        76          0          0          0          0         84   sqrt.o
       100         10          0          0          0         96   tan.o
       636         50         96          0          0        168   tan_i.o

    ----------------------------------------------------------------------
     11402        814        616          0         96       5832   Library Totals
        26          0          4          0          0          0   (incl. Padding)

    ----------------------------------------------------------------------

      Code (inc. data)   RO Data    RW Data    ZI Data      Debug   Library Name

       302         20          0          0         96        752   c_w.l
      5112        356          0          0          0       3056   fz_ws.l
      5962        438        612          0          0       2024   m_ws.l

    ----------------------------------------------------------------------
     11402        814        616          0         96       5832   Library Totals

    ----------------------------------------------------------------------

==============================================================================


      Code (inc. data)   RO Data    RW Data    ZI Data      Debug   

     16160        840        840          8       1712      48794   Grand Totals
     16160        840        840          8       1712      48794   ELF Image Totals
     16160        840        840          8          0          0   ROM Totals

==============================================================================

    Total RO  Size (Code + RO Data)                17000 (  16.60kB)
    Total RW  Size (RW Data + ZI Data)              1720 (   1.68kB)
    Total ROM Size (Code + RO Data + RW Data)      17008 (  16.61kB)

==============================================================================

